MPLINK 5.00, LINKER
Linker Map File - Created Sun May 13 16:06:05 2018

                                 Section Info
                  Section       Type    Address   Location Size(Bytes)
                ---------  ---------  ---------  ---------  ---------
               _entry_scn       code   0x000000    program   0x000006
    HIGH_INTERRUPT_VECTOR       code   0x000008    program   0x000006
     LOW_INTERRUPT_VECTOR       code   0x000018    program   0x000006
    REMAPPED_RESET_VECTOR       code   0x001000    program   0x000006
      AppSignatureSection    romdata   0x001006    program   0x000002
REMAPPED_HIGH_INTERRUPT_VECTOR       code   0x001008    program   0x000006
AppVersionAndSignatureSection    romdata   0x001016    program   0x000002
REMAPPED_LOW_INTERRUPT_VECTOR       code   0x001018    program   0x000006
                   .cinit    romdata   0x001020    program   0x00001a
             .code_main.o       code   0x00103a    program   0x0015d0
       .code_usb_device.o       code   0x00260a    program   0x0013f8
            .code_rc522.o       code   0x003a02    program   0x00100e
           .code_eeprom.o       code   0x004a10    program   0x000100
 .code_usb_function_hid.o       code   0x004b10    program   0x0000f6
               _cinit_scn       code   0x004c06    program   0x00009e
.romdata_usb_descriptors.o    romdata   0x004ca4    program   0x00008d
         .romdata_rc522.o    romdata   0x004d31    program   0x000000
.idata_usb_descriptors.o_i    romdata   0x004d31    program   0x000000
        .idata_eeprom.o_i    romdata   0x004d31    program   0x000000
        .romdata_eeprom.o    romdata   0x004d31    program   0x000000
        .romdata___init.o    romdata   0x004d31    program   0x000000
        .idata___init.o_i    romdata   0x004d31    program   0x000000
      .romdata_spi1writ.o    romdata   0x004d31    program   0x000000
      .idata_spi1writ.o_i    romdata   0x004d31    program   0x000000
      .romdata_spi1read.o    romdata   0x004d31    program   0x000000
      .idata_spi1read.o_i    romdata   0x004d31    program   0x000000
      .idata_spi1open.o_i    romdata   0x004d31    program   0x000000
      .romdata_spi1open.o    romdata   0x004d31    program   0x000000
         .idata_c018i.o_i    romdata   0x004d31    program   0x000000
         .romdata_c018i.o    romdata   0x004d31    program   0x000000
    .idata_usb_device.o_i    romdata   0x004d31    program   0x000000
    .romdata_usb_device.o    romdata   0x004d31    program   0x000000
.idata_usb_function_hid.o_i    romdata   0x004d31    program   0x000000
.romdata_usb_function_hid.o    romdata   0x004d31    program   0x000000
          .romdata_main.o    romdata   0x004d31    program   0x000000
  .code_usb_descriptors.o       code   0x004d32    program   0x000000
         .code_spi1open.o       code   0x004d32    program   0x000064
            .code_c018i.o       code   0x004d32    program   0x000000
         .code_spi1writ.o       code   0x004d96    program   0x00003c
                   STRING       code   0x004dd2    program   0x000034
             D10KTCYXCODE       code   0x004e06    program   0x00002e
         .code_spi1read.o       code   0x004e34    program   0x00002e
                    .code       code   0x004e62    program   0x000020
             _startup_scn       code   0x004e82    program   0x00001c
              D10TCYXCODE       code   0x004e9e    program   0x000016
           .code___init.o       code   0x004eb4    program   0x000002
         .idata_rc522.o_i    romdata   0x004eb6    program   0x000015
          .idata_main.o_i    romdata   0x004ecb    program   0x000010
    .config_300000_main.o    romdata   0x300000    program   0x000001
    .config_300001_main.o    romdata   0x300001    program   0x000001
    .config_300002_main.o    romdata   0x300002    program   0x000001
    .config_300003_main.o    romdata   0x300003    program   0x000001
    .config_300005_main.o    romdata   0x300005    program   0x000001
    .config_300006_main.o    romdata   0x300006    program   0x000001
                 .tmpdata      udata   0x000000       data   0x000013
                MATH_DATA      udata   0x000013       data   0x00000b
                DELAYDAT2      udata   0x00001e       data   0x000001
                DELAYDAT1      udata   0x00001f       data   0x000001
      .udata_usb_device.o      udata   0x000060       data   0x00002e
           .idata_rc522.o      idata   0x00008e       data   0x000015
           .udata_c018i.o      udata   0x0000a3       data   0x00000a
            .udata_main.o      udata   0x0000ad       data   0x000002
                   .stack      udata   0x000300       data   0x000100
                  USB_BDT      udata   0x000400       data   0x000036
            USB_VARIABLES      udata   0x000500       data   0x000080
           .udata_rc522.o      udata   0x000580       data   0x00006d
            .idata_main.o      idata   0x0005ed       data   0x000010
.udata_usb_function_hid.o      udata   0x0005fd       data   0x000002
           .idata_c018i.o      idata   0x0005ff       data   0x000000
          .idata___init.o      idata   0x0005ff       data   0x000000
          .udata___init.o      udata   0x0005ff       data   0x000000
        .idata_spi1writ.o      idata   0x0005ff       data   0x000000
        .udata_spi1writ.o      udata   0x0005ff       data   0x000000
        .idata_spi1read.o      idata   0x0005ff       data   0x000000
        .udata_spi1read.o      udata   0x0005ff       data   0x000000
        .idata_spi1open.o      idata   0x0005ff       data   0x000000
        .udata_spi1open.o      udata   0x0005ff       data   0x000000
      .idata_usb_device.o      idata   0x0005ff       data   0x000000
          .idata_eeprom.o      idata   0x0005ff       data   0x000000
          .udata_eeprom.o      udata   0x0005ff       data   0x000000
 .idata_usb_descriptors.o      idata   0x0005ff       data   0x000000
 .udata_usb_descriptors.o      udata   0x0005ff       data   0x000000
.idata_usb_function_hid.o      idata   0x0005ff       data   0x000000
              SFR_BANKED0      udata   0x000f57       data   0x000007
            SFR_UNBANKED0      udata   0x000f60       data   0x0000a0



                              Program Memory Usage 
                               Start         End      
                           ---------   ---------      
                            0x000000    0x000005      
                            0x000008    0x00000d      
                            0x000018    0x00001d      
                            0x001000    0x00100d      
                            0x001016    0x00101d      
                            0x001020    0x004d30      
                            0x004d32    0x004eda      
                            0x300000    0x300003      
                            0x300005    0x300006      
            16104 out of 33048 program addresses used, program memory utilization is 48%



                              Symbols - Sorted by Name
                     Name    Address   Location    Storage File                     
                ---------  ---------  ---------  --------- ---------                
               AppVersion   0x001016    program     extern F:\SkyDrive\OtvoreniProjekti\USB_CardReaderWiter\fw\DE-100617\Src\main.c
           BlinkUSBStatus   0x001f0c    program     extern F:\SkyDrive\OtvoreniProjekti\USB_CardReaderWiter\fw\DE-100617\Src\main.c
             CardDataFail   0x0020cc    program     extern F:\SkyDrive\OtvoreniProjekti\USB_CardReaderWiter\fw\DE-100617\Src\main.c
          CardDataSucceed   0x002192    program     extern F:\SkyDrive\OtvoreniProjekti\USB_CardReaderWiter\fw\DE-100617\Src\main.c
             CopyCardData   0x0024e0    program     extern F:\SkyDrive\OtvoreniProjekti\USB_CardReaderWiter\fw\DE-100617\Src\main.c
                   D10K_1   0x004e12    program     static E:\3.46\pic18-lt\cxx-framework\src\traditional\delays\d10ktcyx.asm
                    D10Kl   0x004e1e    program     static E:\3.46\pic18-lt\cxx-framework\src\traditional\delays\d10ktcyx.asm
                    D10Kx   0x004e10    program     static E:\3.46\pic18-lt\cxx-framework\src\traditional\delays\d10ktcyx.asm
                    D10_1   0x004eae    program     static E:\3.46\pic18-lt\cxx-framework\src\traditional\delays\d10tcyx.asm
                     D10x   0x004ea6    program     static E:\3.46\pic18-lt\cxx-framework\src\traditional\delays\d10tcyx.asm
             Delay10KTCYx   0x004e06    program     extern E:\3.46\pic18-lt\cxx-framework\src\traditional\delays\d10ktcyx.asm
              Delay10TCYx   0x004e9e    program     extern E:\3.46\pic18-lt\cxx-framework\src\traditional\delays\d10tcyx.asm
          EEPROM_ReadByte   0x004a10    program     extern F:\SkyDrive\OtvoreniProjekti\USB_CardReaderWiter\fw\DE-100617\Src\eeprom.c
           EEPROM_ReadInt   0x004a2e    program     extern F:\SkyDrive\OtvoreniProjekti\USB_CardReaderWiter\fw\DE-100617\Src\eeprom.c
         EEPROM_WriteByte   0x004a94    program     extern F:\SkyDrive\OtvoreniProjekti\USB_CardReaderWiter\fw\DE-100617\Src\eeprom.c
          EEPROM_WriteInt   0x004acc    program     extern F:\SkyDrive\OtvoreniProjekti\USB_CardReaderWiter\fw\DE-100617\Src\eeprom.c
                 High_ISR   0x000008    program     extern F:\SkyDrive\OtvoreniProjekti\USB_CardReaderWiter\fw\DE-100617\Src\main.c
         InitializeSystem   0x001106    program     static F:\SkyDrive\OtvoreniProjekti\USB_CardReaderWiter\fw\DE-100617\Src\main.c
                  Low_ISR   0x000018    program     extern F:\SkyDrive\OtvoreniProjekti\USB_CardReaderWiter\fw\DE-100617\Src\main.c
                 OpenSPI1   0x004d32    program     extern E:\3.46\pic18-lt\cxx-framework\src\pmc_common\SPI\spi1open.c
                ProcessIO   0x001186    program     extern F:\SkyDrive\OtvoreniProjekti\USB_CardReaderWiter\fw\DE-100617\Src\main.c
         RC522_AntennaOff   0x003c52    program     extern F:\SkyDrive\OtvoreniProjekti\USB_CardReaderWiter\fw\DE-100617\Src\rc522.c
          RC522_AntennaOn   0x003c20    program     extern F:\SkyDrive\OtvoreniProjekti\USB_CardReaderWiter\fw\DE-100617\Src\rc522.c
           RC522_Anticoll   0x004060    program     extern F:\SkyDrive\OtvoreniProjekti\USB_CardReaderWiter\fw\DE-100617\Src\rc522.c
               RC522_Auth   0x00436e    program     extern F:\SkyDrive\OtvoreniProjekti\USB_CardReaderWiter\fw\DE-100617\Src\rc522.c
       RC522_CalculateCRC   0x00416c    program     extern F:\SkyDrive\OtvoreniProjekti\USB_CardReaderWiter\fw\DE-100617\Src\rc522.c
              RC522_Check   0x003a74    program     extern F:\SkyDrive\OtvoreniProjekti\USB_CardReaderWiter\fw\DE-100617\Src\rc522.c
       RC522_ClearBitMask   0x003be6    program     extern F:\SkyDrive\OtvoreniProjekti\USB_CardReaderWiter\fw\DE-100617\Src\rc522.c
          RC522_ClearData   0x0049b8    program     extern F:\SkyDrive\OtvoreniProjekti\USB_CardReaderWiter\fw\DE-100617\Src\rc522.c
            RC522_Compare   0x003ac2    program     extern F:\SkyDrive\OtvoreniProjekti\USB_CardReaderWiter\fw\DE-100617\Src\rc522.c
               RC522_Halt   0x004732    program     extern F:\SkyDrive\OtvoreniProjekti\USB_CardReaderWiter\fw\DE-100617\Src\rc522.c
               RC522_Init   0x003a02    program     extern F:\SkyDrive\OtvoreniProjekti\USB_CardReaderWiter\fw\DE-100617\Src\rc522.c
               RC522_Read   0x0044ae    program     extern F:\SkyDrive\OtvoreniProjekti\USB_CardReaderWiter\fw\DE-100617\Src\rc522.c
           RC522_ReadCard   0x0047ba    program     extern F:\SkyDrive\OtvoreniProjekti\USB_CardReaderWiter\fw\DE-100617\Src\rc522.c
       RC522_ReadRegister   0x003b6a    program     extern F:\SkyDrive\OtvoreniProjekti\USB_CardReaderWiter\fw\DE-100617\Src\rc522.c
            RC522_Request   0x003d08    program     extern F:\SkyDrive\OtvoreniProjekti\USB_CardReaderWiter\fw\DE-100617\Src\rc522.c
              RC522_Reset   0x003c62    program     extern F:\SkyDrive\OtvoreniProjekti\USB_CardReaderWiter\fw\DE-100617\Src\rc522.c
          RC522_SelectTag   0x00424e    program     extern F:\SkyDrive\OtvoreniProjekti\USB_CardReaderWiter\fw\DE-100617\Src\rc522.c
            RC522_Service   0x003a24    program     extern F:\SkyDrive\OtvoreniProjekti\USB_CardReaderWiter\fw\DE-100617\Src\rc522.c
         RC522_SetBitMask   0x003bb4    program     extern F:\SkyDrive\OtvoreniProjekti\USB_CardReaderWiter\fw\DE-100617\Src\rc522.c
             RC522_ToCard   0x003da2    program     extern F:\SkyDrive\OtvoreniProjekti\USB_CardReaderWiter\fw\DE-100617\Src\rc522.c
              RC522_Write   0x004590    program     extern F:\SkyDrive\OtvoreniProjekti\USB_CardReaderWiter\fw\DE-100617\Src\rc522.c
          RC522_WriteCard   0x0048b6    program     extern F:\SkyDrive\OtvoreniProjekti\USB_CardReaderWiter\fw\DE-100617\Src\rc522.c
      RC522_WriteRegister   0x003b24    program     extern F:\SkyDrive\OtvoreniProjekti\USB_CardReaderWiter\fw\DE-100617\Src\rc522.c
            ReadHotelCard   0x0021c6    program     extern F:\SkyDrive\OtvoreniProjekti\USB_CardReaderWiter\fw\DE-100617\Src\main.c
                  ReadPOT   0x001ec6    program     extern F:\SkyDrive\OtvoreniProjekti\USB_CardReaderWiter\fw\DE-100617\Src\main.c
                 ReadSPI1   0x004e34    program     extern E:\3.46\pic18-lt\cxx-framework\src\pmc_common\SPI\spi1read.c
        Remapped_High_ISR   0x001008    program     extern F:\SkyDrive\OtvoreniProjekti\USB_CardReaderWiter\fw\DE-100617\Src\main.c
         Remapped_Low_ISR   0x001018    program     extern F:\SkyDrive\OtvoreniProjekti\USB_CardReaderWiter\fw\DE-100617\Src\main.c
                  Restart   0x002606    program     extern F:\SkyDrive\OtvoreniProjekti\USB_CardReaderWiter\fw\DE-100617\Src\main.c
     SignaturePlaceholder   0x001006    program     extern F:\SkyDrive\OtvoreniProjekti\USB_CardReaderWiter\fw\DE-100617\Src\main.c
       USBCBCheckOtherReq   0x001f9a    program     extern F:\SkyDrive\OtvoreniProjekti\USB_CardReaderWiter\fw\DE-100617\Src\main.c
        USBCBErrorHandler   0x001f98    program     extern F:\SkyDrive\OtvoreniProjekti\USB_CardReaderWiter\fw\DE-100617\Src\main.c
              USBCBInitEP   0x001fa2    program     extern F:\SkyDrive\OtvoreniProjekti\USB_CardReaderWiter\fw\DE-100617\Src\main.c
          USBCBSendResume   0x001fda    program     extern F:\SkyDrive\OtvoreniProjekti\USB_CardReaderWiter\fw\DE-100617\Src\main.c
    USBCBStdSetDscHandler   0x001fa0    program     extern F:\SkyDrive\OtvoreniProjekti\USB_CardReaderWiter\fw\DE-100617\Src\main.c
             USBCBSuspend   0x001f92    program     extern F:\SkyDrive\OtvoreniProjekti\USB_CardReaderWiter\fw\DE-100617\Src\main.c
     USBCBWakeFromSuspend   0x001f94    program     extern F:\SkyDrive\OtvoreniProjekti\USB_CardReaderWiter\fw\DE-100617\Src\main.c
        USBCB_SOF_Handler   0x001f96    program     extern F:\SkyDrive\OtvoreniProjekti\USB_CardReaderWiter\fw\DE-100617\Src\main.c
              USBCancelIO   0x003918    program     extern F:\SkyDrive\OtvoreniProjekti\USB_CardReaderWiter\fw\DE-100617\Src\usb_device.c
       USBCheckHIDRequest   0x004b10    program     extern F:\SkyDrive\OtvoreniProjekti\USB_CardReaderWiter\fw\DE-100617\Src\usb_function_hid.c
       USBCheckStdRequest   0x002b8e    program     static F:\SkyDrive\OtvoreniProjekti\USB_CardReaderWiter\fw\DE-100617\Src\usb_device.c
     USBConfigureEndpoint   0x00360a    program     static F:\SkyDrive\OtvoreniProjekti\USB_CardReaderWiter\fw\DE-100617\Src\usb_device.c
  USBCtrlEPAllowDataStage   0x002fd2    program     extern F:\SkyDrive\OtvoreniProjekti\USB_CardReaderWiter\fw\DE-100617\Src\usb_device.c
USBCtrlEPAllowStatusStage   0x002f22    program     extern F:\SkyDrive\OtvoreniProjekti\USB_CardReaderWiter\fw\DE-100617\Src\usb_device.c
         USBCtrlEPService   0x00292c    program     static F:\SkyDrive\OtvoreniProjekti\USB_CardReaderWiter\fw\DE-100617\Src\usb_device.c
 USBCtrlEPServiceComplete   0x003200    program     static F:\SkyDrive\OtvoreniProjekti\USB_CardReaderWiter\fw\DE-100617\Src\usb_device.c
      USBCtrlTrfInHandler   0x002acc    program     static F:\SkyDrive\OtvoreniProjekti\USB_CardReaderWiter\fw\DE-100617\Src\usb_device.c
     USBCtrlTrfOutHandler   0x002a7a    program     static F:\SkyDrive\OtvoreniProjekti\USB_CardReaderWiter\fw\DE-100617\Src\usb_device.c
      USBCtrlTrfRxService   0x0033b8    program     static F:\SkyDrive\OtvoreniProjekti\USB_CardReaderWiter\fw\DE-100617\Src\usb_device.c
   USBCtrlTrfSetupHandler   0x002a04    program     static F:\SkyDrive\OtvoreniProjekti\USB_CardReaderWiter\fw\DE-100617\Src\usb_device.c
      USBCtrlTrfTxService   0x0032d6    program     static F:\SkyDrive\OtvoreniProjekti\USB_CardReaderWiter\fw\DE-100617\Src\usb_device.c
          USBDeviceAttach   0x0039d4    program     extern F:\SkyDrive\OtvoreniProjekti\USB_CardReaderWiter\fw\DE-100617\Src\usb_device.c
          USBDeviceDetach   0x0039c8    program     extern F:\SkyDrive\OtvoreniProjekti\USB_CardReaderWiter\fw\DE-100617\Src\usb_device.c
            USBDeviceInit   0x00260a    program     extern F:\SkyDrive\OtvoreniProjekti\USB_CardReaderWiter\fw\DE-100617\Src\usb_device.c
           USBDeviceTasks   0x002736    program     extern F:\SkyDrive\OtvoreniProjekti\USB_CardReaderWiter\fw\DE-100617\Src\usb_device.c
        USBEnableEndpoint   0x0036c4    program     extern F:\SkyDrive\OtvoreniProjekti\USB_CardReaderWiter\fw\DE-100617\Src\usb_device.c
         USBStallEndpoint   0x003732    program     extern F:\SkyDrive\OtvoreniProjekti\USB_CardReaderWiter\fw\DE-100617\Src\usb_device.c
          USBStallHandler   0x00289e    program     static F:\SkyDrive\OtvoreniProjekti\USB_CardReaderWiter\fw\DE-100617\Src\usb_device.c
  USBStdFeatureReqHandler   0x002c70    program     static F:\SkyDrive\OtvoreniProjekti\USB_CardReaderWiter\fw\DE-100617\Src\usb_device.c
      USBStdGetDscHandler   0x003058    program     static F:\SkyDrive\OtvoreniProjekti\USB_CardReaderWiter\fw\DE-100617\Src\usb_device.c
   USBStdGetStatusHandler   0x003124    program     static F:\SkyDrive\OtvoreniProjekti\USB_CardReaderWiter\fw\DE-100617\Src\usb_device.c
      USBStdSetCfgHandler   0x003508    program     static F:\SkyDrive\OtvoreniProjekti\USB_CardReaderWiter\fw\DE-100617\Src\usb_device.c
               USBSuspend   0x0028d0    program     static F:\SkyDrive\OtvoreniProjekti\USB_CardReaderWiter\fw\DE-100617\Src\usb_device.c
     USBTransferOnePacket   0x003812    program     extern F:\SkyDrive\OtvoreniProjekti\USB_CardReaderWiter\fw\DE-100617\Src\usb_device.c
       USBWakeFromSuspend   0x0028fc    program     static F:\SkyDrive\OtvoreniProjekti\USB_CardReaderWiter\fw\DE-100617\Src\usb_device.c
               USB_CD_Ptr   0x004d29    program     extern F:\SkyDrive\OtvoreniProjekti\USB_CardReaderWiter\fw\DE-100617\Src\usb_descriptors.c
               USB_SD_Ptr   0x004d2b    program     extern F:\SkyDrive\OtvoreniProjekti\USB_CardReaderWiter\fw\DE-100617\Src\usb_descriptors.c
USER_USB_CALLBACK_EVENT_HANDLER   0x00202c    program     extern F:\SkyDrive\OtvoreniProjekti\USB_CardReaderWiter\fw\DE-100617\Src\main.c
                WriteSPI1   0x004d96    program     extern E:\3.46\pic18-lt\cxx-framework\src\pmc_common\SPI\spi1writ.c
  YourHighPriorityISRCode   0x00103a    program     extern F:\SkyDrive\OtvoreniProjekti\USB_CardReaderWiter\fw\DE-100617\Src\main.c
   YourLowPriorityISRCode   0x0010d0    program     extern F:\SkyDrive\OtvoreniProjekti\USB_CardReaderWiter\fw\DE-100617\Src\main.c
              _2jContinue   0x004df2    program     static E:\3.46\pic18-lt\cxx-framework\src\traditional\stdclib\memset.asm
                   _3jEnd   0x004dfc    program     static E:\3.46\pic18-lt\cxx-framework\src\traditional\stdclib\memset.asm
       _D10KTCYXCODE_0010   0x004e16    program     static E:\3.46\pic18-lt\cxx-framework\src\traditional\delays\d10ktcyx.asm
       _D10KTCYXCODE_001C   0x004e22    program     static E:\3.46\pic18-lt\cxx-framework\src\traditional\delays\d10ktcyx.asm
        _D10TCYXCODE_000A   0x004ea8    program     static E:\3.46\pic18-lt\cxx-framework\src\traditional\delays\d10tcyx.asm
        _D10TCYXCODE_000C   0x004eaa    program     static E:\3.46\pic18-lt\cxx-framework\src\traditional\delays\d10tcyx.asm
        _D10TCYXCODE_000E   0x004eac    program     static E:\3.46\pic18-lt\cxx-framework\src\traditional\delays\d10tcyx.asm
      ___case_85_lbl00163   0x001df2    program     static                          
           ___if_lbl00164   0x001e2e    program     static                          
       ___return_lbl00000   0x000004    program     static                          
       ___return_lbl00000   0x00000c    program     static                          
       ___return_lbl00001   0x004e9c    program     static                          
       ___return_lbl00001   0x00001c    program     static                          
       ___return_lbl00002   0x001004    program     static                          
       ___return_lbl00002   0x004ca2    program     static                          
       ___return_lbl00003   0x00100c    program     static                          
       ___return_lbl00004   0x00101c    program     static                          
       ___return_lbl00014   0x001ec4    program     static                          
       ___return_lbl00266   0x002608    program     static                          
   ___switchexit_lbl00020   0x001e08    program     static                          
               __config_0   0x300000    program     static F:\SkyDrive\OtvoreniProjekti\USB_CardReaderWiter\fw\DE-100617\Src\main.c
               __config_1   0x300001    program     static F:\SkyDrive\OtvoreniProjekti\USB_CardReaderWiter\fw\DE-100617\Src\main.c
               __config_2   0x300002    program     static F:\SkyDrive\OtvoreniProjekti\USB_CardReaderWiter\fw\DE-100617\Src\main.c
               __config_3   0x300003    program     static F:\SkyDrive\OtvoreniProjekti\USB_CardReaderWiter\fw\DE-100617\Src\main.c
               __config_4   0x300005    program     static F:\SkyDrive\OtvoreniProjekti\USB_CardReaderWiter\fw\DE-100617\Src\main.c
               __config_5   0x300006    program     static F:\SkyDrive\OtvoreniProjekti\USB_CardReaderWiter\fw\DE-100617\Src\main.c
                   __init   0x004eb4    program     extern E:\3.46\pic18-lt\cxx-framework\src\traditional\stdclib\__init.c
            __zero_memory   0x004e62    program     extern E:\3.46\pic18-lt\cxx-framework\src\traditional\proc\p18f25k50.asm
                _do_cinit   0x004c06    program     extern E:\3.46\pic18-lt\cxx-framework\src\traditional\startup\c018i.c
                   _entry   0x000000    program     extern E:\3.46\pic18-lt\cxx-framework\src\traditional\startup\c018i.c
                   _reset   0x001000    program     extern F:\SkyDrive\OtvoreniProjekti\USB_CardReaderWiter\fw\DE-100617\Src\main.c
                 _startup   0x004e82    program     extern E:\3.46\pic18-lt\cxx-framework\src\traditional\startup\c018i.c
                compare_l   0x004e78    program     static E:\3.46\pic18-lt\cxx-framework\src\traditional\proc\p18f25k50.asm
        configDescriptor1   0x004cb6    program     extern F:\SkyDrive\OtvoreniProjekti\USB_CardReaderWiter\fw\DE-100617\Src\usb_descriptors.c
                copy_loop   0x004c78    program     static                          
            copy_one_byte   0x004c7e    program     static                          
               device_dsc   0x004ca4    program     extern F:\SkyDrive\OtvoreniProjekti\USB_CardReaderWiter\fw\DE-100617\Src\usb_descriptors.c
                     done   0x004ca2    program     static                          
             done_copying   0x004c8c    program     static                          
                hid_rpt01   0x004d0d    program     extern F:\SkyDrive\OtvoreniProjekti\USB_CardReaderWiter\fw\DE-100617\Src\usb_descriptors.c
                     jEnd   0x004e04    program     static E:\3.46\pic18-lt\cxx-framework\src\traditional\stdclib\memset.asm
                    jLoop   0x004de6    program     static E:\3.46\pic18-lt\cxx-framework\src\traditional\stdclib\memset.asm
                     loop   0x004e92    program     static                          
                   loop_h   0x004e70    program     static E:\3.46\pic18-lt\cxx-framework\src\traditional\proc\p18f25k50.asm
                   loop_l   0x004e7a    program     static E:\3.46\pic18-lt\cxx-framework\src\traditional\proc\p18f25k50.asm
                     main   0x0010f6    program     extern F:\SkyDrive\OtvoreniProjekti\USB_CardReaderWiter\fw\DE-100617\Src\main.c
                   memset   0x004dd2    program     extern E:\3.46\pic18-lt\cxx-framework\src\traditional\stdclib\memset.asm
                    sd000   0x004cdf    program     extern F:\SkyDrive\OtvoreniProjekti\USB_CardReaderWiter\fw\DE-100617\Src\usb_descriptors.c
                    sd001   0x004ce3    program     extern F:\SkyDrive\OtvoreniProjekti\USB_CardReaderWiter\fw\DE-100617\Src\usb_descriptors.c
                    sd002   0x004cf3    program     extern F:\SkyDrive\OtvoreniProjekti\USB_CardReaderWiter\fw\DE-100617\Src\usb_descriptors.c
                     test   0x004c20    program     static                          
               zero_block   0x004e70    program     static E:\3.46\pic18-lt\cxx-framework\src\traditional\proc\p18f25k50.asm
                   ACTCON   0x000fb5       data     extern E:\3.46\pic18-lt\cxx-framework\src\traditional\proc\p18f25k50.asm
               ACTCONbits   0x000fb5       data     extern E:\3.46\pic18-lt\cxx-framework\src\traditional\proc\p18f25k50.asm
                   ADCON0   0x000fc2       data     extern E:\3.46\pic18-lt\cxx-framework\src\traditional\proc\p18f25k50.asm
               ADCON0bits   0x000fc2       data     extern E:\3.46\pic18-lt\cxx-framework\src\traditional\proc\p18f25k50.asm
                   ADCON1   0x000fc1       data     extern E:\3.46\pic18-lt\cxx-framework\src\traditional\proc\p18f25k50.asm
               ADCON1bits   0x000fc1       data     extern E:\3.46\pic18-lt\cxx-framework\src\traditional\proc\p18f25k50.asm
                   ADCON2   0x000fc0       data     extern E:\3.46\pic18-lt\cxx-framework\src\traditional\proc\p18f25k50.asm
               ADCON2bits   0x000fc0       data     extern E:\3.46\pic18-lt\cxx-framework\src\traditional\proc\p18f25k50.asm
                   ADRESH   0x000fc4       data     extern E:\3.46\pic18-lt\cxx-framework\src\traditional\proc\p18f25k50.asm
                   ADRESL   0x000fc3       data     extern E:\3.46\pic18-lt\cxx-framework\src\traditional\proc\p18f25k50.asm
                   ANSELA   0x000f5b       data     extern E:\3.46\pic18-lt\cxx-framework\src\traditional\proc\p18f25k50.asm
               ANSELAbits   0x000f5b       data     extern E:\3.46\pic18-lt\cxx-framework\src\traditional\proc\p18f25k50.asm
                   ANSELB   0x000f5c       data     extern E:\3.46\pic18-lt\cxx-framework\src\traditional\proc\p18f25k50.asm
               ANSELBbits   0x000f5c       data     extern E:\3.46\pic18-lt\cxx-framework\src\traditional\proc\p18f25k50.asm
                   ANSELC   0x000f5d       data     extern E:\3.46\pic18-lt\cxx-framework\src\traditional\proc\p18f25k50.asm
               ANSELCbits   0x000f5d       data     extern E:\3.46\pic18-lt\cxx-framework\src\traditional\proc\p18f25k50.asm
                  BAUDCON   0x000fb8       data     extern E:\3.46\pic18-lt\cxx-framework\src\traditional\proc\p18f25k50.asm
                 BAUDCON1   0x000fb8       data     extern E:\3.46\pic18-lt\cxx-framework\src\traditional\proc\p18f25k50.asm
             BAUDCON1bits   0x000fb8       data     extern E:\3.46\pic18-lt\cxx-framework\src\traditional\proc\p18f25k50.asm
              BAUDCONbits   0x000fb8       data     extern E:\3.46\pic18-lt\cxx-framework\src\traditional\proc\p18f25k50.asm
                      BDT   0x000400       data     extern F:\SkyDrive\OtvoreniProjekti\USB_CardReaderWiter\fw\DE-100617\Src\usb_device.c
                      BSR   0x000fe0       data     extern E:\3.46\pic18-lt\cxx-framework\src\traditional\proc\p18f25k50.asm
       BothEP0OutUOWNsSet   0x000083       data     extern F:\SkyDrive\OtvoreniProjekti\USB_CardReaderWiter\fw\DE-100617\Src\usb_device.c
                  CCP1CON   0x000fbd       data     extern E:\3.46\pic18-lt\cxx-framework\src\traditional\proc\p18f25k50.asm
              CCP1CONbits   0x000fbd       data     extern E:\3.46\pic18-lt\cxx-framework\src\traditional\proc\p18f25k50.asm
                  CCP2CON   0x000f97       data     extern E:\3.46\pic18-lt\cxx-framework\src\traditional\proc\p18f25k50.asm
              CCP2CONbits   0x000f97       data     extern E:\3.46\pic18-lt\cxx-framework\src\traditional\proc\p18f25k50.asm
                    CCPR1   0x000fbe       data     extern E:\3.46\pic18-lt\cxx-framework\src\traditional\proc\p18f25k50.asm
                   CCPR1H   0x000fbf       data     extern E:\3.46\pic18-lt\cxx-framework\src\traditional\proc\p18f25k50.asm
                   CCPR1L   0x000fbe       data     extern E:\3.46\pic18-lt\cxx-framework\src\traditional\proc\p18f25k50.asm
                    CCPR2   0x000f90       data     extern E:\3.46\pic18-lt\cxx-framework\src\traditional\proc\p18f25k50.asm
                   CCPR2H   0x000f91       data     extern E:\3.46\pic18-lt\cxx-framework\src\traditional\proc\p18f25k50.asm
                   CCPR2L   0x000f90       data     extern E:\3.46\pic18-lt\cxx-framework\src\traditional\proc\p18f25k50.asm
                  CCPTMRS   0x000f59       data     extern E:\3.46\pic18-lt\cxx-framework\src\traditional\proc\p18f25k50.asm
              CCPTMRSbits   0x000f59       data     extern E:\3.46\pic18-lt\cxx-framework\src\traditional\proc\p18f25k50.asm
                  CM1CON0   0x000f98       data     extern E:\3.46\pic18-lt\cxx-framework\src\traditional\proc\p18f25k50.asm
              CM1CON0bits   0x000f98       data     extern E:\3.46\pic18-lt\cxx-framework\src\traditional\proc\p18f25k50.asm
                  CM2CON0   0x000f99       data     extern E:\3.46\pic18-lt\cxx-framework\src\traditional\proc\p18f25k50.asm
              CM2CON0bits   0x000f99       data     extern E:\3.46\pic18-lt\cxx-framework\src\traditional\proc\p18f25k50.asm
                  CM2CON1   0x000f9a       data     extern E:\3.46\pic18-lt\cxx-framework\src\traditional\proc\p18f25k50.asm
              CM2CON1bits   0x000f9a       data     extern E:\3.46\pic18-lt\cxx-framework\src\traditional\proc\p18f25k50.asm
                 CTMUCON0   0x000f8f       data     extern E:\3.46\pic18-lt\cxx-framework\src\traditional\proc\p18f25k50.asm
             CTMUCON0bits   0x000f8f       data     extern E:\3.46\pic18-lt\cxx-framework\src\traditional\proc\p18f25k50.asm
                 CTMUCON1   0x000f8e       data     extern E:\3.46\pic18-lt\cxx-framework\src\traditional\proc\p18f25k50.asm
             CTMUCON1bits   0x000f8e       data     extern E:\3.46\pic18-lt\cxx-framework\src\traditional\proc\p18f25k50.asm
                 CTMUCONH   0x000f8f       data     extern E:\3.46\pic18-lt\cxx-framework\src\traditional\proc\p18f25k50.asm
             CTMUCONHbits   0x000f8f       data     extern E:\3.46\pic18-lt\cxx-framework\src\traditional\proc\p18f25k50.asm
                 CTMUCONL   0x000f8e       data     extern E:\3.46\pic18-lt\cxx-framework\src\traditional\proc\p18f25k50.asm
             CTMUCONLbits   0x000f8e       data     extern E:\3.46\pic18-lt\cxx-framework\src\traditional\proc\p18f25k50.asm
                 CTMUICON   0x000f88       data     extern E:\3.46\pic18-lt\cxx-framework\src\traditional\proc\p18f25k50.asm
             CTMUICONbits   0x000f88       data     extern E:\3.46\pic18-lt\cxx-framework\src\traditional\proc\p18f25k50.asm
              CtrlTrfData   0x000428       data     extern F:\SkyDrive\OtvoreniProjekti\USB_CardReaderWiter\fw\DE-100617\Src\usb_device.c
                     DDRA   0x000f92       data     extern E:\3.46\pic18-lt\cxx-framework\src\traditional\proc\p18f25k50.asm
                 DDRAbits   0x000f92       data     extern E:\3.46\pic18-lt\cxx-framework\src\traditional\proc\p18f25k50.asm
                     DDRB   0x000f93       data     extern E:\3.46\pic18-lt\cxx-framework\src\traditional\proc\p18f25k50.asm
                 DDRBbits   0x000f93       data     extern E:\3.46\pic18-lt\cxx-framework\src\traditional\proc\p18f25k50.asm
                     DDRC   0x000f94       data     extern E:\3.46\pic18-lt\cxx-framework\src\traditional\proc\p18f25k50.asm
                 DDRCbits   0x000f94       data     extern E:\3.46\pic18-lt\cxx-framework\src\traditional\proc\p18f25k50.asm
            DelayCounter1   0x00001f       data     extern E:\3.46\pic18-lt\cxx-framework\src\traditional\delays\delayd1.asm
            DelayCounter2   0x00001e       data     extern E:\3.46\pic18-lt\cxx-framework\src\traditional\delays\delayd2.asm
                  ECCP1AS   0x000fb6       data     extern E:\3.46\pic18-lt\cxx-framework\src\traditional\proc\p18f25k50.asm
              ECCP1ASbits   0x000fb6       data     extern E:\3.46\pic18-lt\cxx-framework\src\traditional\proc\p18f25k50.asm
                 ECCP1CON   0x000fbd       data     extern E:\3.46\pic18-lt\cxx-framework\src\traditional\proc\p18f25k50.asm
             ECCP1CONbits   0x000fbd       data     extern E:\3.46\pic18-lt\cxx-framework\src\traditional\proc\p18f25k50.asm
                 ECCP1DEL   0x000fb7       data     extern E:\3.46\pic18-lt\cxx-framework\src\traditional\proc\p18f25k50.asm
             ECCP1DELbits   0x000fb7       data     extern E:\3.46\pic18-lt\cxx-framework\src\traditional\proc\p18f25k50.asm
                 ECCP2CON   0x000f97       data     extern E:\3.46\pic18-lt\cxx-framework\src\traditional\proc\p18f25k50.asm
             ECCP2CONbits   0x000f97       data     extern E:\3.46\pic18-lt\cxx-framework\src\traditional\proc\p18f25k50.asm
                    EEADR   0x000fa9       data     extern E:\3.46\pic18-lt\cxx-framework\src\traditional\proc\p18f25k50.asm
                   EECON1   0x000fa6       data     extern E:\3.46\pic18-lt\cxx-framework\src\traditional\proc\p18f25k50.asm
               EECON1bits   0x000fa6       data     extern E:\3.46\pic18-lt\cxx-framework\src\traditional\proc\p18f25k50.asm
                   EECON2   0x000fa7       data     extern E:\3.46\pic18-lt\cxx-framework\src\traditional\proc\p18f25k50.asm
                   EEDATA   0x000fa8       data     extern E:\3.46\pic18-lt\cxx-framework\src\traditional\proc\p18f25k50.asm
                     FSR0   0x000fe9       data     extern E:\3.46\pic18-lt\cxx-framework\src\traditional\proc\p18f25k50.asm
                    FSR0H   0x000fea       data     extern E:\3.46\pic18-lt\cxx-framework\src\traditional\proc\p18f25k50.asm
                    FSR0L   0x000fe9       data     extern E:\3.46\pic18-lt\cxx-framework\src\traditional\proc\p18f25k50.asm
                     FSR1   0x000fe1       data     extern E:\3.46\pic18-lt\cxx-framework\src\traditional\proc\p18f25k50.asm
                    FSR1H   0x000fe2       data     extern E:\3.46\pic18-lt\cxx-framework\src\traditional\proc\p18f25k50.asm
                    FSR1L   0x000fe1       data     extern E:\3.46\pic18-lt\cxx-framework\src\traditional\proc\p18f25k50.asm
                     FSR2   0x000fd9       data     extern E:\3.46\pic18-lt\cxx-framework\src\traditional\proc\p18f25k50.asm
                    FSR2H   0x000fda       data     extern E:\3.46\pic18-lt\cxx-framework\src\traditional\proc\p18f25k50.asm
                    FSR2L   0x000fd9       data     extern E:\3.46\pic18-lt\cxx-framework\src\traditional\proc\p18f25k50.asm
                  HLVDCON   0x000f9c       data     extern E:\3.46\pic18-lt\cxx-framework\src\traditional\proc\p18f25k50.asm
              HLVDCONbits   0x000f9c       data     extern E:\3.46\pic18-lt\cxx-framework\src\traditional\proc\p18f25k50.asm
                    INDF0   0x000fef       data     extern E:\3.46\pic18-lt\cxx-framework\src\traditional\proc\p18f25k50.asm
                    INDF1   0x000fe7       data     extern E:\3.46\pic18-lt\cxx-framework\src\traditional\proc\p18f25k50.asm
                    INDF2   0x000fdf       data     extern E:\3.46\pic18-lt\cxx-framework\src\traditional\proc\p18f25k50.asm
                   INTCON   0x000ff2       data     extern E:\3.46\pic18-lt\cxx-framework\src\traditional\proc\p18f25k50.asm
                  INTCON2   0x000ff1       data     extern E:\3.46\pic18-lt\cxx-framework\src\traditional\proc\p18f25k50.asm
              INTCON2bits   0x000ff1       data     extern E:\3.46\pic18-lt\cxx-framework\src\traditional\proc\p18f25k50.asm
                  INTCON3   0x000ff0       data     extern E:\3.46\pic18-lt\cxx-framework\src\traditional\proc\p18f25k50.asm
              INTCON3bits   0x000ff0       data     extern E:\3.46\pic18-lt\cxx-framework\src\traditional\proc\p18f25k50.asm
               INTCONbits   0x000ff2       data     extern E:\3.46\pic18-lt\cxx-framework\src\traditional\proc\p18f25k50.asm
                     IOCB   0x000f86       data     extern E:\3.46\pic18-lt\cxx-framework\src\traditional\proc\p18f25k50.asm
                 IOCBbits   0x000f86       data     extern E:\3.46\pic18-lt\cxx-framework\src\traditional\proc\p18f25k50.asm
                     IOCC   0x000f87       data     extern E:\3.46\pic18-lt\cxx-framework\src\traditional\proc\p18f25k50.asm
                 IOCCbits   0x000f87       data     extern E:\3.46\pic18-lt\cxx-framework\src\traditional\proc\p18f25k50.asm
                     IPR1   0x000f9f       data     extern E:\3.46\pic18-lt\cxx-framework\src\traditional\proc\p18f25k50.asm
                 IPR1bits   0x000f9f       data     extern E:\3.46\pic18-lt\cxx-framework\src\traditional\proc\p18f25k50.asm
                     IPR2   0x000fa2       data     extern E:\3.46\pic18-lt\cxx-framework\src\traditional\proc\p18f25k50.asm
                 IPR2bits   0x000fa2       data     extern E:\3.46\pic18-lt\cxx-framework\src\traditional\proc\p18f25k50.asm
                     IPR3   0x000fa5       data     extern E:\3.46\pic18-lt\cxx-framework\src\traditional\proc\p18f25k50.asm
                 IPR3bits   0x000fa5       data     extern E:\3.46\pic18-lt\cxx-framework\src\traditional\proc\p18f25k50.asm
                     LATA   0x000f89       data     extern E:\3.46\pic18-lt\cxx-framework\src\traditional\proc\p18f25k50.asm
                 LATAbits   0x000f89       data     extern E:\3.46\pic18-lt\cxx-framework\src\traditional\proc\p18f25k50.asm
                     LATB   0x000f8a       data     extern E:\3.46\pic18-lt\cxx-framework\src\traditional\proc\p18f25k50.asm
                 LATBbits   0x000f8a       data     extern E:\3.46\pic18-lt\cxx-framework\src\traditional\proc\p18f25k50.asm
                     LATC   0x000f8b       data     extern E:\3.46\pic18-lt\cxx-framework\src\traditional\proc\p18f25k50.asm
                 LATCbits   0x000f8b       data     extern E:\3.46\pic18-lt\cxx-framework\src\traditional\proc\p18f25k50.asm
                   OSCCON   0x000fd3       data     extern E:\3.46\pic18-lt\cxx-framework\src\traditional\proc\p18f25k50.asm
                  OSCCON2   0x000fd2       data     extern E:\3.46\pic18-lt\cxx-framework\src\traditional\proc\p18f25k50.asm
              OSCCON2bits   0x000fd2       data     extern E:\3.46\pic18-lt\cxx-framework\src\traditional\proc\p18f25k50.asm
               OSCCONbits   0x000fd3       data     extern E:\3.46\pic18-lt\cxx-framework\src\traditional\proc\p18f25k50.asm
                  OSCTUNE   0x000f9b       data     extern E:\3.46\pic18-lt\cxx-framework\src\traditional\proc\p18f25k50.asm
              OSCTUNEbits   0x000f9b       data     extern E:\3.46\pic18-lt\cxx-framework\src\traditional\proc\p18f25k50.asm
                       PC   0x000ff9       data     extern E:\3.46\pic18-lt\cxx-framework\src\traditional\proc\p18f25k50.asm
                      PCL   0x000ff9       data     extern E:\3.46\pic18-lt\cxx-framework\src\traditional\proc\p18f25k50.asm
                   PCLATH   0x000ffa       data     extern E:\3.46\pic18-lt\cxx-framework\src\traditional\proc\p18f25k50.asm
                   PCLATU   0x000ffb       data     extern E:\3.46\pic18-lt\cxx-framework\src\traditional\proc\p18f25k50.asm
                     PIE1   0x000f9d       data     extern E:\3.46\pic18-lt\cxx-framework\src\traditional\proc\p18f25k50.asm
                 PIE1bits   0x000f9d       data     extern E:\3.46\pic18-lt\cxx-framework\src\traditional\proc\p18f25k50.asm
                     PIE2   0x000fa0       data     extern E:\3.46\pic18-lt\cxx-framework\src\traditional\proc\p18f25k50.asm
                 PIE2bits   0x000fa0       data     extern E:\3.46\pic18-lt\cxx-framework\src\traditional\proc\p18f25k50.asm
                     PIE3   0x000fa3       data     extern E:\3.46\pic18-lt\cxx-framework\src\traditional\proc\p18f25k50.asm
                 PIE3bits   0x000fa3       data     extern E:\3.46\pic18-lt\cxx-framework\src\traditional\proc\p18f25k50.asm
                     PIR1   0x000f9e       data     extern E:\3.46\pic18-lt\cxx-framework\src\traditional\proc\p18f25k50.asm
                 PIR1bits   0x000f9e       data     extern E:\3.46\pic18-lt\cxx-framework\src\traditional\proc\p18f25k50.asm
                     PIR2   0x000fa1       data     extern E:\3.46\pic18-lt\cxx-framework\src\traditional\proc\p18f25k50.asm
                 PIR2bits   0x000fa1       data     extern E:\3.46\pic18-lt\cxx-framework\src\traditional\proc\p18f25k50.asm
                     PIR3   0x000fa4       data     extern E:\3.46\pic18-lt\cxx-framework\src\traditional\proc\p18f25k50.asm
                 PIR3bits   0x000fa4       data     extern E:\3.46\pic18-lt\cxx-framework\src\traditional\proc\p18f25k50.asm
                   PLUSW0   0x000feb       data     extern E:\3.46\pic18-lt\cxx-framework\src\traditional\proc\p18f25k50.asm
                   PLUSW1   0x000fe3       data     extern E:\3.46\pic18-lt\cxx-framework\src\traditional\proc\p18f25k50.asm
                   PLUSW2   0x000fdb       data     extern E:\3.46\pic18-lt\cxx-framework\src\traditional\proc\p18f25k50.asm
                     PMD0   0x000f7e       data     extern E:\3.46\pic18-lt\cxx-framework\src\traditional\proc\p18f25k50.asm
                 PMD0bits   0x000f7e       data     extern E:\3.46\pic18-lt\cxx-framework\src\traditional\proc\p18f25k50.asm
                     PMD1   0x000f7f       data     extern E:\3.46\pic18-lt\cxx-framework\src\traditional\proc\p18f25k50.asm
                 PMD1bits   0x000f7f       data     extern E:\3.46\pic18-lt\cxx-framework\src\traditional\proc\p18f25k50.asm
                    PORTA   0x000f80       data     extern E:\3.46\pic18-lt\cxx-framework\src\traditional\proc\p18f25k50.asm
                PORTAbits   0x000f80       data     extern E:\3.46\pic18-lt\cxx-framework\src\traditional\proc\p18f25k50.asm
                    PORTB   0x000f81       data     extern E:\3.46\pic18-lt\cxx-framework\src\traditional\proc\p18f25k50.asm
                PORTBbits   0x000f81       data     extern E:\3.46\pic18-lt\cxx-framework\src\traditional\proc\p18f25k50.asm
                    PORTC   0x000f82       data     extern E:\3.46\pic18-lt\cxx-framework\src\traditional\proc\p18f25k50.asm
                PORTCbits   0x000f82       data     extern E:\3.46\pic18-lt\cxx-framework\src\traditional\proc\p18f25k50.asm
                    PORTE   0x000f84       data     extern E:\3.46\pic18-lt\cxx-framework\src\traditional\proc\p18f25k50.asm
                PORTEbits   0x000f84       data     extern E:\3.46\pic18-lt\cxx-framework\src\traditional\proc\p18f25k50.asm
                 POSTDEC0   0x000fed       data     extern E:\3.46\pic18-lt\cxx-framework\src\traditional\proc\p18f25k50.asm
                 POSTDEC1   0x000fe5       data     extern E:\3.46\pic18-lt\cxx-framework\src\traditional\proc\p18f25k50.asm
                 POSTDEC2   0x000fdd       data     extern E:\3.46\pic18-lt\cxx-framework\src\traditional\proc\p18f25k50.asm
                 POSTINC0   0x000fee       data     extern E:\3.46\pic18-lt\cxx-framework\src\traditional\proc\p18f25k50.asm
                 POSTINC1   0x000fe6       data     extern E:\3.46\pic18-lt\cxx-framework\src\traditional\proc\p18f25k50.asm
                 POSTINC2   0x000fde       data     extern E:\3.46\pic18-lt\cxx-framework\src\traditional\proc\p18f25k50.asm
                      PR2   0x000fbb       data     extern E:\3.46\pic18-lt\cxx-framework\src\traditional\proc\p18f25k50.asm
                  PREINC0   0x000fec       data     extern E:\3.46\pic18-lt\cxx-framework\src\traditional\proc\p18f25k50.asm
                  PREINC1   0x000fe4       data     extern E:\3.46\pic18-lt\cxx-framework\src\traditional\proc\p18f25k50.asm
                  PREINC2   0x000fdc       data     extern E:\3.46\pic18-lt\cxx-framework\src\traditional\proc\p18f25k50.asm
                     PROD   0x000ff3       data     extern E:\3.46\pic18-lt\cxx-framework\src\traditional\proc\p18f25k50.asm
                    PRODH   0x000ff4       data     extern E:\3.46\pic18-lt\cxx-framework\src\traditional\proc\p18f25k50.asm
                    PRODL   0x000ff3       data     extern E:\3.46\pic18-lt\cxx-framework\src\traditional\proc\p18f25k50.asm
                 PSTR1CON   0x000fb9       data     extern E:\3.46\pic18-lt\cxx-framework\src\traditional\proc\p18f25k50.asm
             PSTR1CONbits   0x000fb9       data     extern E:\3.46\pic18-lt\cxx-framework\src\traditional\proc\p18f25k50.asm
                  PWM1CON   0x000fb7       data     extern E:\3.46\pic18-lt\cxx-framework\src\traditional\proc\p18f25k50.asm
              PWM1CONbits   0x000fb7       data     extern E:\3.46\pic18-lt\cxx-framework\src\traditional\proc\p18f25k50.asm
           RC522_Selected   0x00009e       data     static F:\SkyDrive\OtvoreniProjekti\USB_CardReaderWiter\fw\DE-100617\Src\rc522.c
                     RCON   0x000fd0       data     extern E:\3.46\pic18-lt\cxx-framework\src\traditional\proc\p18f25k50.asm
                 RCONbits   0x000fd0       data     extern E:\3.46\pic18-lt\cxx-framework\src\traditional\proc\p18f25k50.asm
                    RCREG   0x000fae       data     extern E:\3.46\pic18-lt\cxx-framework\src\traditional\proc\p18f25k50.asm
                   RCREG1   0x000fae       data     extern E:\3.46\pic18-lt\cxx-framework\src\traditional\proc\p18f25k50.asm
                    RCSTA   0x000fab       data     extern E:\3.46\pic18-lt\cxx-framework\src\traditional\proc\p18f25k50.asm
                   RCSTA1   0x000fab       data     extern E:\3.46\pic18-lt\cxx-framework\src\traditional\proc\p18f25k50.asm
               RCSTA1bits   0x000fab       data     extern E:\3.46\pic18-lt\cxx-framework\src\traditional\proc\p18f25k50.asm
                RCSTAbits   0x000fab       data     extern E:\3.46\pic18-lt\cxx-framework\src\traditional\proc\p18f25k50.asm
       ReceivedDataBuffer   0x000500       data     extern F:\SkyDrive\OtvoreniProjekti\USB_CardReaderWiter\fw\DE-100617\Src\main.c
             RemoteWakeup   0x00007f       data     extern F:\SkyDrive\OtvoreniProjekti\USB_CardReaderWiter\fw\DE-100617\Src\usb_device.c
                     SIGN   0x00001c       data     extern E:\3.46\pic18-lt\cxx-framework\src\traditional\math\cmath18.asm
                   SLRCON   0x000f7a       data     extern E:\3.46\pic18-lt\cxx-framework\src\traditional\proc\p18f25k50.asm
               SLRCONbits   0x000f7a       data     extern E:\3.46\pic18-lt\cxx-framework\src\traditional\proc\p18f25k50.asm
                    SPBRG   0x000faf       data     extern E:\3.46\pic18-lt\cxx-framework\src\traditional\proc\p18f25k50.asm
                   SPBRG1   0x000faf       data     extern E:\3.46\pic18-lt\cxx-framework\src\traditional\proc\p18f25k50.asm
               SPBRG1bits   0x000faf       data     extern E:\3.46\pic18-lt\cxx-framework\src\traditional\proc\p18f25k50.asm
                   SPBRGH   0x000fb0       data     extern E:\3.46\pic18-lt\cxx-framework\src\traditional\proc\p18f25k50.asm
                  SPBRGH1   0x000fb0       data     extern E:\3.46\pic18-lt\cxx-framework\src\traditional\proc\p18f25k50.asm
              SPBRGH1bits   0x000fb0       data     extern E:\3.46\pic18-lt\cxx-framework\src\traditional\proc\p18f25k50.asm
               SPBRGHbits   0x000fb0       data     extern E:\3.46\pic18-lt\cxx-framework\src\traditional\proc\p18f25k50.asm
                SPBRGbits   0x000faf       data     extern E:\3.46\pic18-lt\cxx-framework\src\traditional\proc\p18f25k50.asm
                   SRCON0   0x000f58       data     extern E:\3.46\pic18-lt\cxx-framework\src\traditional\proc\p18f25k50.asm
               SRCON0bits   0x000f58       data     extern E:\3.46\pic18-lt\cxx-framework\src\traditional\proc\p18f25k50.asm
                   SRCON1   0x000f57       data     extern E:\3.46\pic18-lt\cxx-framework\src\traditional\proc\p18f25k50.asm
               SRCON1bits   0x000f57       data     extern E:\3.46\pic18-lt\cxx-framework\src\traditional\proc\p18f25k50.asm
                  SSP1ADD   0x000fc8       data     extern E:\3.46\pic18-lt\cxx-framework\src\traditional\proc\p18f25k50.asm
              SSP1ADDbits   0x000fc8       data     extern E:\3.46\pic18-lt\cxx-framework\src\traditional\proc\p18f25k50.asm
                  SSP1BUF   0x000fc9       data     extern E:\3.46\pic18-lt\cxx-framework\src\traditional\proc\p18f25k50.asm
                 SSP1CON1   0x000fc6       data     extern E:\3.46\pic18-lt\cxx-framework\src\traditional\proc\p18f25k50.asm
             SSP1CON1bits   0x000fc6       data     extern E:\3.46\pic18-lt\cxx-framework\src\traditional\proc\p18f25k50.asm
                 SSP1CON2   0x000fc5       data     extern E:\3.46\pic18-lt\cxx-framework\src\traditional\proc\p18f25k50.asm
             SSP1CON2bits   0x000fc5       data     extern E:\3.46\pic18-lt\cxx-framework\src\traditional\proc\p18f25k50.asm
                 SSP1CON3   0x000fcb       data     extern E:\3.46\pic18-lt\cxx-framework\src\traditional\proc\p18f25k50.asm
             SSP1CON3bits   0x000fcb       data     extern E:\3.46\pic18-lt\cxx-framework\src\traditional\proc\p18f25k50.asm
                  SSP1MSK   0x000fca       data     extern E:\3.46\pic18-lt\cxx-framework\src\traditional\proc\p18f25k50.asm
              SSP1MSKbits   0x000fca       data     extern E:\3.46\pic18-lt\cxx-framework\src\traditional\proc\p18f25k50.asm
                 SSP1STAT   0x000fc7       data     extern E:\3.46\pic18-lt\cxx-framework\src\traditional\proc\p18f25k50.asm
             SSP1STATbits   0x000fc7       data     extern E:\3.46\pic18-lt\cxx-framework\src\traditional\proc\p18f25k50.asm
                   SSPADD   0x000fc8       data     extern E:\3.46\pic18-lt\cxx-framework\src\traditional\proc\p18f25k50.asm
               SSPADDbits   0x000fc8       data     extern E:\3.46\pic18-lt\cxx-framework\src\traditional\proc\p18f25k50.asm
                   SSPBUF   0x000fc9       data     extern E:\3.46\pic18-lt\cxx-framework\src\traditional\proc\p18f25k50.asm
                   SSPCON   0x000fc6       data     extern E:\3.46\pic18-lt\cxx-framework\src\traditional\proc\p18f25k50.asm
                  SSPCON1   0x000fc6       data     extern E:\3.46\pic18-lt\cxx-framework\src\traditional\proc\p18f25k50.asm
              SSPCON1bits   0x000fc6       data     extern E:\3.46\pic18-lt\cxx-framework\src\traditional\proc\p18f25k50.asm
                  SSPCON2   0x000fc5       data     extern E:\3.46\pic18-lt\cxx-framework\src\traditional\proc\p18f25k50.asm
              SSPCON2bits   0x000fc5       data     extern E:\3.46\pic18-lt\cxx-framework\src\traditional\proc\p18f25k50.asm
                  SSPCON3   0x000fcb       data     extern E:\3.46\pic18-lt\cxx-framework\src\traditional\proc\p18f25k50.asm
              SSPCON3bits   0x000fcb       data     extern E:\3.46\pic18-lt\cxx-framework\src\traditional\proc\p18f25k50.asm
               SSPCONbits   0x000fc6       data     extern E:\3.46\pic18-lt\cxx-framework\src\traditional\proc\p18f25k50.asm
                   SSPMSK   0x000fca       data     extern E:\3.46\pic18-lt\cxx-framework\src\traditional\proc\p18f25k50.asm
               SSPMSKbits   0x000fca       data     extern E:\3.46\pic18-lt\cxx-framework\src\traditional\proc\p18f25k50.asm
                  SSPSTAT   0x000fc7       data     extern E:\3.46\pic18-lt\cxx-framework\src\traditional\proc\p18f25k50.asm
              SSPSTATbits   0x000fc7       data     extern E:\3.46\pic18-lt\cxx-framework\src\traditional\proc\p18f25k50.asm
                   STATUS   0x000fd8       data     extern E:\3.46\pic18-lt\cxx-framework\src\traditional\proc\p18f25k50.asm
               STATUSbits   0x000fd8       data     extern E:\3.46\pic18-lt\cxx-framework\src\traditional\proc\p18f25k50.asm
                    STCON   0x000fb5       data     extern E:\3.46\pic18-lt\cxx-framework\src\traditional\proc\p18f25k50.asm
                STCONbits   0x000fb5       data     extern E:\3.46\pic18-lt\cxx-framework\src\traditional\proc\p18f25k50.asm
                   STKPTR   0x000ffc       data     extern E:\3.46\pic18-lt\cxx-framework\src\traditional\proc\p18f25k50.asm
               STKPTRbits   0x000ffc       data     extern E:\3.46\pic18-lt\cxx-framework\src\traditional\proc\p18f25k50.asm
                   Sector   0x0005bd       data     extern F:\SkyDrive\OtvoreniProjekti\USB_CardReaderWiter\fw\DE-100617\Src\rc522.c
                 SetupPkt   0x000420       data     extern F:\SkyDrive\OtvoreniProjekti\USB_CardReaderWiter\fw\DE-100617\Src\usb_device.c
                    T0CON   0x000fd5       data     extern E:\3.46\pic18-lt\cxx-framework\src\traditional\proc\p18f25k50.asm
                T0CONbits   0x000fd5       data     extern E:\3.46\pic18-lt\cxx-framework\src\traditional\proc\p18f25k50.asm
                    T1CON   0x000fcd       data     extern E:\3.46\pic18-lt\cxx-framework\src\traditional\proc\p18f25k50.asm
                T1CONbits   0x000fcd       data     extern E:\3.46\pic18-lt\cxx-framework\src\traditional\proc\p18f25k50.asm
                   T1GCON   0x000fcc       data     extern E:\3.46\pic18-lt\cxx-framework\src\traditional\proc\p18f25k50.asm
               T1GCONbits   0x000fcc       data     extern E:\3.46\pic18-lt\cxx-framework\src\traditional\proc\p18f25k50.asm
                    T2CON   0x000fba       data     extern E:\3.46\pic18-lt\cxx-framework\src\traditional\proc\p18f25k50.asm
                T2CONbits   0x000fba       data     extern E:\3.46\pic18-lt\cxx-framework\src\traditional\proc\p18f25k50.asm
                    T3CON   0x000fb1       data     extern E:\3.46\pic18-lt\cxx-framework\src\traditional\proc\p18f25k50.asm
                T3CONbits   0x000fb1       data     extern E:\3.46\pic18-lt\cxx-framework\src\traditional\proc\p18f25k50.asm
                   T3GCON   0x000fb4       data     extern E:\3.46\pic18-lt\cxx-framework\src\traditional\proc\p18f25k50.asm
               T3GCONbits   0x000fb4       data     extern E:\3.46\pic18-lt\cxx-framework\src\traditional\proc\p18f25k50.asm
                   TABLAT   0x000ff5       data     extern E:\3.46\pic18-lt\cxx-framework\src\traditional\proc\p18f25k50.asm
                   TBLPTR   0x000ff6       data     extern E:\3.46\pic18-lt\cxx-framework\src\traditional\proc\p18f25k50.asm
                  TBLPTRH   0x000ff7       data     extern E:\3.46\pic18-lt\cxx-framework\src\traditional\proc\p18f25k50.asm
                  TBLPTRL   0x000ff6       data     extern E:\3.46\pic18-lt\cxx-framework\src\traditional\proc\p18f25k50.asm
                  TBLPTRU   0x000ff8       data     extern E:\3.46\pic18-lt\cxx-framework\src\traditional\proc\p18f25k50.asm
                    TMR0H   0x000fd7       data     extern E:\3.46\pic18-lt\cxx-framework\src\traditional\proc\p18f25k50.asm
                    TMR0L   0x000fd6       data     extern E:\3.46\pic18-lt\cxx-framework\src\traditional\proc\p18f25k50.asm
                    TMR1H   0x000fcf       data     extern E:\3.46\pic18-lt\cxx-framework\src\traditional\proc\p18f25k50.asm
                    TMR1L   0x000fce       data     extern E:\3.46\pic18-lt\cxx-framework\src\traditional\proc\p18f25k50.asm
                     TMR2   0x000fbc       data     extern E:\3.46\pic18-lt\cxx-framework\src\traditional\proc\p18f25k50.asm
                    TMR3H   0x000fb3       data     extern E:\3.46\pic18-lt\cxx-framework\src\traditional\proc\p18f25k50.asm
                    TMR3L   0x000fb2       data     extern E:\3.46\pic18-lt\cxx-framework\src\traditional\proc\p18f25k50.asm
                      TOS   0x000ffd       data     extern E:\3.46\pic18-lt\cxx-framework\src\traditional\proc\p18f25k50.asm
                     TOSH   0x000ffe       data     extern E:\3.46\pic18-lt\cxx-framework\src\traditional\proc\p18f25k50.asm
                     TOSL   0x000ffd       data     extern E:\3.46\pic18-lt\cxx-framework\src\traditional\proc\p18f25k50.asm
                     TOSU   0x000fff       data     extern E:\3.46\pic18-lt\cxx-framework\src\traditional\proc\p18f25k50.asm
                    TRISA   0x000f92       data     extern E:\3.46\pic18-lt\cxx-framework\src\traditional\proc\p18f25k50.asm
                TRISAbits   0x000f92       data     extern E:\3.46\pic18-lt\cxx-framework\src\traditional\proc\p18f25k50.asm
                    TRISB   0x000f93       data     extern E:\3.46\pic18-lt\cxx-framework\src\traditional\proc\p18f25k50.asm
                TRISBbits   0x000f93       data     extern E:\3.46\pic18-lt\cxx-framework\src\traditional\proc\p18f25k50.asm
                    TRISC   0x000f94       data     extern E:\3.46\pic18-lt\cxx-framework\src\traditional\proc\p18f25k50.asm
                TRISCbits   0x000f94       data     extern E:\3.46\pic18-lt\cxx-framework\src\traditional\proc\p18f25k50.asm
                    TXREG   0x000fad       data     extern E:\3.46\pic18-lt\cxx-framework\src\traditional\proc\p18f25k50.asm
                   TXREG1   0x000fad       data     extern E:\3.46\pic18-lt\cxx-framework\src\traditional\proc\p18f25k50.asm
                    TXSTA   0x000fac       data     extern E:\3.46\pic18-lt\cxx-framework\src\traditional\proc\p18f25k50.asm
                   TXSTA1   0x000fac       data     extern E:\3.46\pic18-lt\cxx-framework\src\traditional\proc\p18f25k50.asm
               TXSTA1bits   0x000fac       data     extern E:\3.46\pic18-lt\cxx-framework\src\traditional\proc\p18f25k50.asm
                TXSTAbits   0x000fac       data     extern E:\3.46\pic18-lt\cxx-framework\src\traditional\proc\p18f25k50.asm
         ToSendDataBuffer   0x000540       data     extern F:\SkyDrive\OtvoreniProjekti\USB_CardReaderWiter\fw\DE-100617\Src\main.c
                    UADDR   0x000f63       data     extern E:\3.46\pic18-lt\cxx-framework\src\traditional\proc\p18f25k50.asm
                UADDRbits   0x000f63       data     extern E:\3.46\pic18-lt\cxx-framework\src\traditional\proc\p18f25k50.asm
                     UCFG   0x000f62       data     extern E:\3.46\pic18-lt\cxx-framework\src\traditional\proc\p18f25k50.asm
                 UCFGbits   0x000f62       data     extern E:\3.46\pic18-lt\cxx-framework\src\traditional\proc\p18f25k50.asm
                     UCON   0x000f60       data     extern E:\3.46\pic18-lt\cxx-framework\src\traditional\proc\p18f25k50.asm
                 UCONbits   0x000f60       data     extern E:\3.46\pic18-lt\cxx-framework\src\traditional\proc\p18f25k50.asm
                     UEIE   0x000f66       data     extern E:\3.46\pic18-lt\cxx-framework\src\traditional\proc\p18f25k50.asm
                 UEIEbits   0x000f66       data     extern E:\3.46\pic18-lt\cxx-framework\src\traditional\proc\p18f25k50.asm
                     UEIR   0x000f67       data     extern E:\3.46\pic18-lt\cxx-framework\src\traditional\proc\p18f25k50.asm
                 UEIRbits   0x000f67       data     extern E:\3.46\pic18-lt\cxx-framework\src\traditional\proc\p18f25k50.asm
                     UEP0   0x000f6a       data     extern E:\3.46\pic18-lt\cxx-framework\src\traditional\proc\p18f25k50.asm
                 UEP0bits   0x000f6a       data     extern E:\3.46\pic18-lt\cxx-framework\src\traditional\proc\p18f25k50.asm
                     UEP1   0x000f6b       data     extern E:\3.46\pic18-lt\cxx-framework\src\traditional\proc\p18f25k50.asm
                    UEP10   0x000f74       data     extern E:\3.46\pic18-lt\cxx-framework\src\traditional\proc\p18f25k50.asm
                UEP10bits   0x000f74       data     extern E:\3.46\pic18-lt\cxx-framework\src\traditional\proc\p18f25k50.asm
                    UEP11   0x000f75       data     extern E:\3.46\pic18-lt\cxx-framework\src\traditional\proc\p18f25k50.asm
                UEP11bits   0x000f75       data     extern E:\3.46\pic18-lt\cxx-framework\src\traditional\proc\p18f25k50.asm
                    UEP12   0x000f76       data     extern E:\3.46\pic18-lt\cxx-framework\src\traditional\proc\p18f25k50.asm
                UEP12bits   0x000f76       data     extern E:\3.46\pic18-lt\cxx-framework\src\traditional\proc\p18f25k50.asm
                    UEP13   0x000f77       data     extern E:\3.46\pic18-lt\cxx-framework\src\traditional\proc\p18f25k50.asm
                UEP13bits   0x000f77       data     extern E:\3.46\pic18-lt\cxx-framework\src\traditional\proc\p18f25k50.asm
                    UEP14   0x000f78       data     extern E:\3.46\pic18-lt\cxx-framework\src\traditional\proc\p18f25k50.asm
                UEP14bits   0x000f78       data     extern E:\3.46\pic18-lt\cxx-framework\src\traditional\proc\p18f25k50.asm
                    UEP15   0x000f79       data     extern E:\3.46\pic18-lt\cxx-framework\src\traditional\proc\p18f25k50.asm
                UEP15bits   0x000f79       data     extern E:\3.46\pic18-lt\cxx-framework\src\traditional\proc\p18f25k50.asm
                 UEP1bits   0x000f6b       data     extern E:\3.46\pic18-lt\cxx-framework\src\traditional\proc\p18f25k50.asm
                     UEP2   0x000f6c       data     extern E:\3.46\pic18-lt\cxx-framework\src\traditional\proc\p18f25k50.asm
                 UEP2bits   0x000f6c       data     extern E:\3.46\pic18-lt\cxx-framework\src\traditional\proc\p18f25k50.asm
                     UEP3   0x000f6d       data     extern E:\3.46\pic18-lt\cxx-framework\src\traditional\proc\p18f25k50.asm
                 UEP3bits   0x000f6d       data     extern E:\3.46\pic18-lt\cxx-framework\src\traditional\proc\p18f25k50.asm
                     UEP4   0x000f6e       data     extern E:\3.46\pic18-lt\cxx-framework\src\traditional\proc\p18f25k50.asm
                 UEP4bits   0x000f6e       data     extern E:\3.46\pic18-lt\cxx-framework\src\traditional\proc\p18f25k50.asm
                     UEP5   0x000f6f       data     extern E:\3.46\pic18-lt\cxx-framework\src\traditional\proc\p18f25k50.asm
                 UEP5bits   0x000f6f       data     extern E:\3.46\pic18-lt\cxx-framework\src\traditional\proc\p18f25k50.asm
                     UEP6   0x000f70       data     extern E:\3.46\pic18-lt\cxx-framework\src\traditional\proc\p18f25k50.asm
                 UEP6bits   0x000f70       data     extern E:\3.46\pic18-lt\cxx-framework\src\traditional\proc\p18f25k50.asm
                     UEP7   0x000f71       data     extern E:\3.46\pic18-lt\cxx-framework\src\traditional\proc\p18f25k50.asm
                 UEP7bits   0x000f71       data     extern E:\3.46\pic18-lt\cxx-framework\src\traditional\proc\p18f25k50.asm
                     UEP8   0x000f72       data     extern E:\3.46\pic18-lt\cxx-framework\src\traditional\proc\p18f25k50.asm
                 UEP8bits   0x000f72       data     extern E:\3.46\pic18-lt\cxx-framework\src\traditional\proc\p18f25k50.asm
                     UEP9   0x000f73       data     extern E:\3.46\pic18-lt\cxx-framework\src\traditional\proc\p18f25k50.asm
                 UEP9bits   0x000f73       data     extern E:\3.46\pic18-lt\cxx-framework\src\traditional\proc\p18f25k50.asm
                     UFRM   0x000f68       data     extern E:\3.46\pic18-lt\cxx-framework\src\traditional\proc\p18f25k50.asm
                    UFRMH   0x000f69       data     extern E:\3.46\pic18-lt\cxx-framework\src\traditional\proc\p18f25k50.asm
                UFRMHbits   0x000f69       data     extern E:\3.46\pic18-lt\cxx-framework\src\traditional\proc\p18f25k50.asm
                    UFRML   0x000f68       data     extern E:\3.46\pic18-lt\cxx-framework\src\traditional\proc\p18f25k50.asm
                UFRMLbits   0x000f68       data     extern E:\3.46\pic18-lt\cxx-framework\src\traditional\proc\p18f25k50.asm
                      UIE   0x000f64       data     extern E:\3.46\pic18-lt\cxx-framework\src\traditional\proc\p18f25k50.asm
                  UIEbits   0x000f64       data     extern E:\3.46\pic18-lt\cxx-framework\src\traditional\proc\p18f25k50.asm
                      UIR   0x000f65       data     extern E:\3.46\pic18-lt\cxx-framework\src\traditional\proc\p18f25k50.asm
                  UIRbits   0x000f65       data     extern E:\3.46\pic18-lt\cxx-framework\src\traditional\proc\p18f25k50.asm
   USBActiveConfiguration   0x000061       data     extern F:\SkyDrive\OtvoreniProjekti\USB_CardReaderWiter\fw\DE-100617\Src\usb_device.c
    USBAlternateInterface   0x000062       data     extern F:\SkyDrive\OtvoreniProjekti\USB_CardReaderWiter\fw\DE-100617\Src\usb_device.c
        USBBusIsSuspended   0x000080       data     extern F:\SkyDrive\OtvoreniProjekti\USB_CardReaderWiter\fw\DE-100617\Src\usb_device.c
USBDeferINDataStagePackets   0x00008c       data     extern F:\SkyDrive\OtvoreniProjekti\USB_CardReaderWiter\fw\DE-100617\Src\usb_device.c
USBDeferOUTDataStagePackets   0x00008d       data     extern F:\SkyDrive\OtvoreniProjekti\USB_CardReaderWiter\fw\DE-100617\Src\usb_device.c
USBDeferStatusStagePacket   0x000089       data     extern F:\SkyDrive\OtvoreniProjekti\USB_CardReaderWiter\fw\DE-100617\Src\usb_device.c
           USBDeviceState   0x000060       data     extern F:\SkyDrive\OtvoreniProjekti\USB_CardReaderWiter\fw\DE-100617\Src\usb_device.c
              USBInHandle   0x0005ef       data     extern F:\SkyDrive\OtvoreniProjekti\USB_CardReaderWiter\fw\DE-100617\Src\main.c
             USBOutHandle   0x0005ed       data     extern F:\SkyDrive\OtvoreniProjekti\USB_CardReaderWiter\fw\DE-100617\Src\main.c
USBStatusStageEnabledFlag1   0x00008a       data     extern F:\SkyDrive\OtvoreniProjekti\USB_CardReaderWiter\fw\DE-100617\Src\usb_device.c
USBStatusStageEnabledFlag2   0x00008b       data     extern F:\SkyDrive\OtvoreniProjekti\USB_CardReaderWiter\fw\DE-100617\Src\usb_device.c
USBStatusStageTimeoutCounter   0x000088       data     extern F:\SkyDrive\OtvoreniProjekti\USB_CardReaderWiter\fw\DE-100617\Src\usb_device.c
                    USTAT   0x000f61       data     extern E:\3.46\pic18-lt\cxx-framework\src\traditional\proc\p18f25k50.asm
                USTATbits   0x000f61       data     extern E:\3.46\pic18-lt\cxx-framework\src\traditional\proc\p18f25k50.asm
                USTATcopy   0x000081       data     extern F:\SkyDrive\OtvoreniProjekti\USB_CardReaderWiter\fw\DE-100617\Src\usb_device.c
                 VREFCON0   0x000f7d       data     extern E:\3.46\pic18-lt\cxx-framework\src\traditional\proc\p18f25k50.asm
             VREFCON0bits   0x000f7d       data     extern E:\3.46\pic18-lt\cxx-framework\src\traditional\proc\p18f25k50.asm
                 VREFCON1   0x000f7c       data     extern E:\3.46\pic18-lt\cxx-framework\src\traditional\proc\p18f25k50.asm
             VREFCON1bits   0x000f7c       data     extern E:\3.46\pic18-lt\cxx-framework\src\traditional\proc\p18f25k50.asm
                 VREFCON2   0x000f7b       data     extern E:\3.46\pic18-lt\cxx-framework\src\traditional\proc\p18f25k50.asm
             VREFCON2bits   0x000f7b       data     extern E:\3.46\pic18-lt\cxx-framework\src\traditional\proc\p18f25k50.asm
                  VREGCON   0x000f5a       data     extern E:\3.46\pic18-lt\cxx-framework\src\traditional\proc\p18f25k50.asm
              VREGCONbits   0x000f5a       data     extern E:\3.46\pic18-lt\cxx-framework\src\traditional\proc\p18f25k50.asm
                   WDTCON   0x000fd1       data     extern E:\3.46\pic18-lt\cxx-framework\src\traditional\proc\p18f25k50.asm
               WDTCONbits   0x000fd1       data     extern E:\3.46\pic18-lt\cxx-framework\src\traditional\proc\p18f25k50.asm
                     WPUB   0x000f85       data     extern E:\3.46\pic18-lt\cxx-framework\src\traditional\proc\p18f25k50.asm
                 WPUBbits   0x000f85       data     extern E:\3.46\pic18-lt\cxx-framework\src\traditional\proc\p18f25k50.asm
                     WREG   0x000fe8       data     extern E:\3.46\pic18-lt\cxx-framework\src\traditional\proc\p18f25k50.asm
                 __AARGB0   0x00001a       data     extern E:\3.46\pic18-lt\cxx-framework\src\traditional\math\aarg.asm
                 __AARGB1   0x000019       data     extern E:\3.46\pic18-lt\cxx-framework\src\traditional\math\aarg.asm
                 __AARGB2   0x000018       data     extern E:\3.46\pic18-lt\cxx-framework\src\traditional\math\aarg.asm
                 __AARGB3   0x000017       data     extern E:\3.46\pic18-lt\cxx-framework\src\traditional\math\aarg.asm
                 __AARGB4   0x000016       data     extern E:\3.46\pic18-lt\cxx-framework\src\traditional\math\aarg.asm
                 __AARGB5   0x000015       data     extern E:\3.46\pic18-lt\cxx-framework\src\traditional\math\aarg.asm
                 __AARGB6   0x000014       data     extern E:\3.46\pic18-lt\cxx-framework\src\traditional\math\aarg.asm
                 __AARGB7   0x000013       data     extern E:\3.46\pic18-lt\cxx-framework\src\traditional\math\aarg.asm
                   __AEXP   0x00001b       data     extern E:\3.46\pic18-lt\cxx-framework\src\traditional\math\aarg.asm
                __FPFLAGS   0x00001d       data     extern E:\3.46\pic18-lt\cxx-framework\src\traditional\math\cmath18.asm
            __FPFLAGSbits   0x00001d       data     extern E:\3.46\pic18-lt\cxx-framework\src\traditional\math\cmath18.asm
                  __REMB0   0x000016       data     extern E:\3.46\pic18-lt\cxx-framework\src\traditional\math\aarg.asm
                  __REMB1   0x000015       data     extern E:\3.46\pic18-lt\cxx-framework\src\traditional\math\aarg.asm
                  __REMB2   0x000014       data     extern E:\3.46\pic18-lt\cxx-framework\src\traditional\math\aarg.asm
                  __REMB3   0x000013       data     extern E:\3.46\pic18-lt\cxx-framework\src\traditional\math\aarg.asm
                  __tmp_0   0x000000       data     static F:\SkyDrive\OtvoreniProjekti\USB_CardReaderWiter\fw\DE-100617\Src\main.c
                  __tmp_0   0x000000       data     static F:\SkyDrive\OtvoreniProjekti\USB_CardReaderWiter\fw\DE-100617\Src\usb_device.c
                  __tmp_0   0x000000       data     static F:\SkyDrive\OtvoreniProjekti\USB_CardReaderWiter\fw\DE-100617\Src\rc522.c
                  __tmp_0   0x000000       data     static F:\SkyDrive\OtvoreniProjekti\USB_CardReaderWiter\fw\DE-100617\Src\eeprom.c
                  aCardID   0x000094       data     extern F:\SkyDrive\OtvoreniProjekti\USB_CardReaderWiter\fw\DE-100617\Src\rc522.c
              aCardSerial   0x000099       data     extern F:\SkyDrive\OtvoreniProjekti\USB_CardReaderWiter\fw\DE-100617\Src\rc522.c
           aCardUsageType   0x00059b       data     extern F:\SkyDrive\OtvoreniProjekti\USB_CardReaderWiter\fw\DE-100617\Src\rc522.c
           aCardUserGroup   0x00058b       data     extern F:\SkyDrive\OtvoreniProjekti\USB_CardReaderWiter\fw\DE-100617\Src\rc522.c
aMifareAuthenticationKeyA   0x00008e       data     extern F:\SkyDrive\OtvoreniProjekti\USB_CardReaderWiter\fw\DE-100617\Src\rc522.c
          active_protocol   0x0005fe       data     extern F:\SkyDrive\OtvoreniProjekti\USB_CardReaderWiter\fw\DE-100617\Src\usb_function_hid.c
                  address   0x0005f2       data     extern F:\SkyDrive\OtvoreniProjekti\USB_CardReaderWiter\fw\DE-100617\Src\main.c
         blinkStatusValid   0x0005f1       data     extern F:\SkyDrive\OtvoreniProjekti\USB_CardReaderWiter\fw\DE-100617\Src\main.c
                 buzz_cnt   0x0005f6       data     extern F:\SkyDrive\OtvoreniProjekti\USB_CardReaderWiter\fw\DE-100617\Src\main.c
       card_max_users_cnt   0x0005ab       data     extern F:\SkyDrive\OtvoreniProjekti\USB_CardReaderWiter\fw\DE-100617\Src\rc522.c
                  cmd_cnt   0x0005f7       data     extern F:\SkyDrive\OtvoreniProjekti\USB_CardReaderWiter\fw\DE-100617\Src\main.c
                cmd_state   0x0005f8       data     static F:\SkyDrive\OtvoreniProjekti\USB_CardReaderWiter\fw\DE-100617\Src\main.c
     controlTransferState   0x000070       data     extern F:\SkyDrive\OtvoreniProjekti\USB_CardReaderWiter\fw\DE-100617\Src\usb_device.c
                curr_byte   0x0000a6       data     static E:\3.46\pic18-lt\cxx-framework\src\traditional\startup\c018i.c
               curr_entry   0x0000a8       data     static E:\3.46\pic18-lt\cxx-framework\src\traditional\startup\c018i.c
                 data_ptr   0x0000aa       data     static E:\3.46\pic18-lt\cxx-framework\src\traditional\startup\c018i.c
                    delay   0x00009f       data     static F:\SkyDrive\OtvoreniProjekti\USB_CardReaderWiter\fw\DE-100617\Src\rc522.c
              delay_count   0x0000ad       data     static F:\SkyDrive\OtvoreniProjekti\USB_CardReaderWiter\fw\DE-100617\Src\main.c
          endpoint_number   0x000082       data     extern F:\SkyDrive\OtvoreniProjekti\USB_CardReaderWiter\fw\DE-100617\Src\usb_device.c
               ep_data_in   0x000084       data     extern F:\SkyDrive\OtvoreniProjekti\USB_CardReaderWiter\fw\DE-100617\Src\usb_device.c
              ep_data_out   0x000086       data     extern F:\SkyDrive\OtvoreniProjekti\USB_CardReaderWiter\fw\DE-100617\Src\usb_device.c
            hid_report_in   0x000433       data     extern F:\SkyDrive\OtvoreniProjekti\USB_CardReaderWiter\fw\DE-100617\Src\usb_device.c
           hid_report_out   0x000430       data     extern F:\SkyDrive\OtvoreniProjekti\USB_CardReaderWiter\fw\DE-100617\Src\usb_device.c
                        i   0x000588       data     extern F:\SkyDrive\OtvoreniProjekti\USB_CardReaderWiter\fw\DE-100617\Src\rc522.c
                idle_rate   0x0005fd       data     extern F:\SkyDrive\OtvoreniProjekti\USB_CardReaderWiter\fw\DE-100617\Src\usb_function_hid.c
                  inPipes   0x000071       data     extern F:\SkyDrive\OtvoreniProjekti\USB_CardReaderWiter\fw\DE-100617\Src\usb_device.c
                led_count   0x0005fb       data     static F:\SkyDrive\OtvoreniProjekti\USB_CardReaderWiter\fw\DE-100617\Src\main.c
               led_gn_cnt   0x0005f4       data     extern F:\SkyDrive\OtvoreniProjekti\USB_CardReaderWiter\fw\DE-100617\Src\main.c
               led_rd_cnt   0x0005f5       data     extern F:\SkyDrive\OtvoreniProjekti\USB_CardReaderWiter\fw\DE-100617\Src\main.c
         mifare_rx_buffer   0x000580       data     extern F:\SkyDrive\OtvoreniProjekti\USB_CardReaderWiter\fw\DE-100617\Src\rc522.c
                 outPipes   0x000076       data     extern F:\SkyDrive\OtvoreniProjekti\USB_CardReaderWiter\fw\DE-100617\Src\usb_device.c
   pBDTEntryEP0OutCurrent   0x000063       data     extern F:\SkyDrive\OtvoreniProjekti\USB_CardReaderWiter\fw\DE-100617\Src\usb_device.c
      pBDTEntryEP0OutNext   0x000065       data     extern F:\SkyDrive\OtvoreniProjekti\USB_CardReaderWiter\fw\DE-100617\Src\usb_device.c
              pBDTEntryIn   0x00006b       data     extern F:\SkyDrive\OtvoreniProjekti\USB_CardReaderWiter\fw\DE-100617\Src\usb_device.c
             pBDTEntryOut   0x000067       data     extern F:\SkyDrive\OtvoreniProjekti\USB_CardReaderWiter\fw\DE-100617\Src\usb_device.c
                     pDst   0x00007d       data     extern F:\SkyDrive\OtvoreniProjekti\USB_CardReaderWiter\fw\DE-100617\Src\usb_device.c
                     prom   0x0000a3       data     static E:\3.46\pic18-lt\cxx-framework\src\traditional\startup\c018i.c
            rc522_command   0x0005ad       data     extern F:\SkyDrive\OtvoreniProjekti\USB_CardReaderWiter\fw\DE-100617\Src\rc522.c
             rc522_config   0x00058a       data     extern F:\SkyDrive\OtvoreniProjekti\USB_CardReaderWiter\fw\DE-100617\Src\rc522.c
          rc522_sector_nr   0x0005ac       data     extern F:\SkyDrive\OtvoreniProjekti\USB_CardReaderWiter\fw\DE-100617\Src\rc522.c
         sCardDataMifare1   0x0005ae       data     extern F:\SkyDrive\OtvoreniProjekti\USB_CardReaderWiter\fw\DE-100617\Src\rc522.c
        shortPacketStatus   0x00006f       data     extern F:\SkyDrive\OtvoreniProjekti\USB_CardReaderWiter\fw\DE-100617\Src\usb_device.c
                   status   0x000589       data     extern F:\SkyDrive\OtvoreniProjekti\USB_CardReaderWiter\fw\DE-100617\Src\rc522.c
                    timer   0x0005f9       data     static F:\SkyDrive\OtvoreniProjekti\USB_CardReaderWiter\fw\DE-100617\Src\main.c



                              Symbols - Sorted by Address
                     Name    Address   Location    Storage File                     
                ---------  ---------  ---------  --------- ---------                
                   _entry   0x000000    program     extern E:\3.46\pic18-lt\cxx-framework\src\traditional\startup\c018i.c
       ___return_lbl00000   0x000004    program     static                          
                 High_ISR   0x000008    program     extern F:\SkyDrive\OtvoreniProjekti\USB_CardReaderWiter\fw\DE-100617\Src\main.c
       ___return_lbl00000   0x00000c    program     static                          
                  Low_ISR   0x000018    program     extern F:\SkyDrive\OtvoreniProjekti\USB_CardReaderWiter\fw\DE-100617\Src\main.c
       ___return_lbl00001   0x00001c    program     static                          
                   _reset   0x001000    program     extern F:\SkyDrive\OtvoreniProjekti\USB_CardReaderWiter\fw\DE-100617\Src\main.c
       ___return_lbl00002   0x001004    program     static                          
     SignaturePlaceholder   0x001006    program     extern F:\SkyDrive\OtvoreniProjekti\USB_CardReaderWiter\fw\DE-100617\Src\main.c
        Remapped_High_ISR   0x001008    program     extern F:\SkyDrive\OtvoreniProjekti\USB_CardReaderWiter\fw\DE-100617\Src\main.c
       ___return_lbl00003   0x00100c    program     static                          
               AppVersion   0x001016    program     extern F:\SkyDrive\OtvoreniProjekti\USB_CardReaderWiter\fw\DE-100617\Src\main.c
         Remapped_Low_ISR   0x001018    program     extern F:\SkyDrive\OtvoreniProjekti\USB_CardReaderWiter\fw\DE-100617\Src\main.c
       ___return_lbl00004   0x00101c    program     static                          
  YourHighPriorityISRCode   0x00103a    program     extern F:\SkyDrive\OtvoreniProjekti\USB_CardReaderWiter\fw\DE-100617\Src\main.c
   YourLowPriorityISRCode   0x0010d0    program     extern F:\SkyDrive\OtvoreniProjekti\USB_CardReaderWiter\fw\DE-100617\Src\main.c
                     main   0x0010f6    program     extern F:\SkyDrive\OtvoreniProjekti\USB_CardReaderWiter\fw\DE-100617\Src\main.c
         InitializeSystem   0x001106    program     static F:\SkyDrive\OtvoreniProjekti\USB_CardReaderWiter\fw\DE-100617\Src\main.c
                ProcessIO   0x001186    program     extern F:\SkyDrive\OtvoreniProjekti\USB_CardReaderWiter\fw\DE-100617\Src\main.c
      ___case_85_lbl00163   0x001df2    program     static                          
   ___switchexit_lbl00020   0x001e08    program     static                          
           ___if_lbl00164   0x001e2e    program     static                          
       ___return_lbl00014   0x001ec4    program     static                          
                  ReadPOT   0x001ec6    program     extern F:\SkyDrive\OtvoreniProjekti\USB_CardReaderWiter\fw\DE-100617\Src\main.c
[...]
                    RCSTA   0x000fab       data     extern E:\3.46\pic18-lt\cxx-framework\src\traditional\proc\p18f25k50.asm
                   RCSTA1   0x000fab       data     extern E:\3.46\pic18-lt\cxx-framework\src\traditional\proc\p18f25k50.asm
               RCSTA1bits   0x000fab       data     extern E:\3.46\pic18-lt\cxx-framework\src\traditional\proc\p18f25k50.asm
                RCSTAbits   0x000fab       data     extern E:\3.46\pic18-lt\cxx-framework\src\traditional\proc\p18f25k50.asm
                TXSTAbits   0x000fac       data     extern E:\3.46\pic18-lt\cxx-framework\src\traditional\proc\p18f25k50.asm
               TXSTA1bits   0x000fac       data     extern E:\3.46\pic18-lt\cxx-framework\src\traditional\proc\p18f25k50.asm
                   TXSTA1   0x000fac       data     extern E:\3.46\pic18-lt\cxx-framework\src\traditional\proc\p18f25k50.asm
                    TXSTA   0x000fac       data     extern E:\3.46\pic18-lt\cxx-framework\src\traditional\proc\p18f25k50.asm
                   TXREG1   0x000fad       data     extern E:\3.46\pic18-lt\cxx-framework\src\traditional\proc\p18f25k50.asm
                    TXREG   0x000fad       data     extern E:\3.46\pic18-lt\cxx-framework\src\traditional\proc\p18f25k50.asm
                   RCREG1   0x000fae       data     extern E:\3.46\pic18-lt\cxx-framework\src\traditional\proc\p18f25k50.asm
                    RCREG   0x000fae       data     extern E:\3.46\pic18-lt\cxx-framework\src\traditional\proc\p18f25k50.asm
               SPBRG1bits   0x000faf       data     extern E:\3.46\pic18-lt\cxx-framework\src\traditional\proc\p18f25k50.asm
                   SPBRG1   0x000faf       data     extern E:\3.46\pic18-lt\cxx-framework\src\traditional\proc\p18f25k50.asm
                    SPBRG   0x000faf       data     extern E:\3.46\pic18-lt\cxx-framework\src\traditional\proc\p18f25k50.asm
                SPBRGbits   0x000faf       data     extern E:\3.46\pic18-lt\cxx-framework\src\traditional\proc\p18f25k50.asm
               SPBRGHbits   0x000fb0       data     extern E:\3.46\pic18-lt\cxx-framework\src\traditional\proc\p18f25k50.asm
                   SPBRGH   0x000fb0       data     extern E:\3.46\pic18-lt\cxx-framework\src\traditional\proc\p18f25k50.asm
                  SPBRGH1   0x000fb0       data     extern E:\3.46\pic18-lt\cxx-framework\src\traditional\proc\p18f25k50.asm
              SPBRGH1bits   0x000fb0       data     extern E:\3.46\pic18-lt\cxx-framework\src\traditional\proc\p18f25k50.asm
                T3CONbits   0x000fb1       data     extern E:\3.46\pic18-lt\cxx-framework\src\traditional\proc\p18f25k50.asm
                    T3CON   0x000fb1       data     extern E:\3.46\pic18-lt\cxx-framework\src\traditional\proc\p18f25k50.asm
                    TMR3L   0x000fb2       data     extern E:\3.46\pic18-lt\cxx-framework\src\traditional\proc\p18f25k50.asm
                    TMR3H   0x000fb3       data     extern E:\3.46\pic18-lt\cxx-framework\src\traditional\proc\p18f25k50.asm
               T3GCONbits   0x000fb4       data     extern E:\3.46\pic18-lt\cxx-framework\src\traditional\proc\p18f25k50.asm
                   T3GCON   0x000fb4       data     extern E:\3.46\pic18-lt\cxx-framework\src\traditional\proc\p18f25k50.asm
                   ACTCON   0x000fb5       data     extern E:\3.46\pic18-lt\cxx-framework\src\traditional\proc\p18f25k50.asm
               ACTCONbits   0x000fb5       data     extern E:\3.46\pic18-lt\cxx-framework\src\traditional\proc\p18f25k50.asm
                STCONbits   0x000fb5       data     extern E:\3.46\pic18-lt\cxx-framework\src\traditional\proc\p18f25k50.asm
                    STCON   0x000fb5       data     extern E:\3.46\pic18-lt\cxx-framework\src\traditional\proc\p18f25k50.asm
              ECCP1ASbits   0x000fb6       data     extern E:\3.46\pic18-lt\cxx-framework\src\traditional\proc\p18f25k50.asm
                  ECCP1AS   0x000fb6       data     extern E:\3.46\pic18-lt\cxx-framework\src\traditional\proc\p18f25k50.asm
              PWM1CONbits   0x000fb7       data     extern E:\3.46\pic18-lt\cxx-framework\src\traditional\proc\p18f25k50.asm
                  PWM1CON   0x000fb7       data     extern E:\3.46\pic18-lt\cxx-framework\src\traditional\proc\p18f25k50.asm
                 ECCP1DEL   0x000fb7       data     extern E:\3.46\pic18-lt\cxx-framework\src\traditional\proc\p18f25k50.asm
             ECCP1DELbits   0x000fb7       data     extern E:\3.46\pic18-lt\cxx-framework\src\traditional\proc\p18f25k50.asm
                  BAUDCON   0x000fb8       data     extern E:\3.46\pic18-lt\cxx-framework\src\traditional\proc\p18f25k50.asm
              BAUDCONbits   0x000fb8       data     extern E:\3.46\pic18-lt\cxx-framework\src\traditional\proc\p18f25k50.asm
             BAUDCON1bits   0x000fb8       data     extern E:\3.46\pic18-lt\cxx-framework\src\traditional\proc\p18f25k50.asm
                 BAUDCON1   0x000fb8       data     extern E:\3.46\pic18-lt\cxx-framework\src\traditional\proc\p18f25k50.asm
             PSTR1CONbits   0x000fb9       data     extern E:\3.46\pic18-lt\cxx-framework\src\traditional\proc\p18f25k50.asm
                 PSTR1CON   0x000fb9       data     extern E:\3.46\pic18-lt\cxx-framework\src\traditional\proc\p18f25k50.asm
                T2CONbits   0x000fba       data     extern E:\3.46\pic18-lt\cxx-framework\src\traditional\proc\p18f25k50.asm
                    T2CON   0x000fba       data     extern E:\3.46\pic18-lt\cxx-framework\src\traditional\proc\p18f25k50.asm
                      PR2   0x000fbb       data     extern E:\3.46\pic18-lt\cxx-framework\src\traditional\proc\p18f25k50.asm
                     TMR2   0x000fbc       data     extern E:\3.46\pic18-lt\cxx-framework\src\traditional\proc\p18f25k50.asm
             ECCP1CONbits   0x000fbd       data     extern E:\3.46\pic18-lt\cxx-framework\src\traditional\proc\p18f25k50.asm
                  CCP1CON   0x000fbd       data     extern E:\3.46\pic18-lt\cxx-framework\src\traditional\proc\p18f25k50.asm
              CCP1CONbits   0x000fbd       data     extern E:\3.46\pic18-lt\cxx-framework\src\traditional\proc\p18f25k50.asm
                 ECCP1CON   0x000fbd       data     extern E:\3.46\pic18-lt\cxx-framework\src\traditional\proc\p18f25k50.asm
                    CCPR1   0x000fbe       data     extern E:\3.46\pic18-lt\cxx-framework\src\traditional\proc\p18f25k50.asm
                   CCPR1L   0x000fbe       data     extern E:\3.46\pic18-lt\cxx-framework\src\traditional\proc\p18f25k50.asm
                   CCPR1H   0x000fbf       data     extern E:\3.46\pic18-lt\cxx-framework\src\traditional\proc\p18f25k50.asm
                   ADCON2   0x000fc0       data     extern E:\3.46\pic18-lt\cxx-framework\src\traditional\proc\p18f25k50.asm
               ADCON2bits   0x000fc0       data     extern E:\3.46\pic18-lt\cxx-framework\src\traditional\proc\p18f25k50.asm
               ADCON1bits   0x000fc1       data     extern E:\3.46\pic18-lt\cxx-framework\src\traditional\proc\p18f25k50.asm
                   ADCON1   0x000fc1       data     extern E:\3.46\pic18-lt\cxx-framework\src\traditional\proc\p18f25k50.asm
               ADCON0bits   0x000fc2       data     extern E:\3.46\pic18-lt\cxx-framework\src\traditional\proc\p18f25k50.asm
                   ADCON0   0x000fc2       data     extern E:\3.46\pic18-lt\cxx-framework\src\traditional\proc\p18f25k50.asm
                   ADRESL   0x000fc3       data     extern E:\3.46\pic18-lt\cxx-framework\src\traditional\proc\p18f25k50.asm
                   ADRESH   0x000fc4       data     extern E:\3.46\pic18-lt\cxx-framework\src\traditional\proc\p18f25k50.asm
                 SSP1CON2   0x000fc5       data     extern E:\3.46\pic18-lt\cxx-framework\src\traditional\proc\p18f25k50.asm
              SSPCON2bits   0x000fc5       data     extern E:\3.46\pic18-lt\cxx-framework\src\traditional\proc\p18f25k50.asm
                  SSPCON2   0x000fc5       data     extern E:\3.46\pic18-lt\cxx-framework\src\traditional\proc\p18f25k50.asm
             SSP1CON2bits   0x000fc5       data     extern E:\3.46\pic18-lt\cxx-framework\src\traditional\proc\p18f25k50.asm
             SSP1CON1bits   0x000fc6       data     extern E:\3.46\pic18-lt\cxx-framework\src\traditional\proc\p18f25k50.asm
                 SSP1CON1   0x000fc6       data     extern E:\3.46\pic18-lt\cxx-framework\src\traditional\proc\p18f25k50.asm
                   SSPCON   0x000fc6       data     extern E:\3.46\pic18-lt\cxx-framework\src\traditional\proc\p18f25k50.asm
                  SSPCON1   0x000fc6       data     extern E:\3.46\pic18-lt\cxx-framework\src\traditional\proc\p18f25k50.asm
              SSPCON1bits   0x000fc6       data     extern E:\3.46\pic18-lt\cxx-framework\src\traditional\proc\p18f25k50.asm
               SSPCONbits   0x000fc6       data     extern E:\3.46\pic18-lt\cxx-framework\src\traditional\proc\p18f25k50.asm
             SSP1STATbits   0x000fc7       data     extern E:\3.46\pic18-lt\cxx-framework\src\traditional\proc\p18f25k50.asm
                 SSP1STAT   0x000fc7       data     extern E:\3.46\pic18-lt\cxx-framework\src\traditional\proc\p18f25k50.asm
                  SSPSTAT   0x000fc7       data     extern E:\3.46\pic18-lt\cxx-framework\src\traditional\proc\p18f25k50.asm
              SSPSTATbits   0x000fc7       data     extern E:\3.46\pic18-lt\cxx-framework\src\traditional\proc\p18f25k50.asm
               SSPADDbits   0x000fc8       data     extern E:\3.46\pic18-lt\cxx-framework\src\traditional\proc\p18f25k50.asm
                   SSPADD   0x000fc8       data     extern E:\3.46\pic18-lt\cxx-framework\src\traditional\proc\p18f25k50.asm
                  SSP1ADD   0x000fc8       data     extern E:\3.46\pic18-lt\cxx-framework\src\traditional\proc\p18f25k50.asm
              SSP1ADDbits   0x000fc8       data     extern E:\3.46\pic18-lt\cxx-framework\src\traditional\proc\p18f25k50.asm
                   SSPBUF   0x000fc9       data     extern E:\3.46\pic18-lt\cxx-framework\src\traditional\proc\p18f25k50.asm
                  SSP1BUF   0x000fc9       data     extern E:\3.46\pic18-lt\cxx-framework\src\traditional\proc\p18f25k50.asm
                  SSP1MSK   0x000fca       data     extern E:\3.46\pic18-lt\cxx-framework\src\traditional\proc\p18f25k50.asm
              SSP1MSKbits   0x000fca       data     extern E:\3.46\pic18-lt\cxx-framework\src\traditional\proc\p18f25k50.asm
                   SSPMSK   0x000fca       data     extern E:\3.46\pic18-lt\cxx-framework\src\traditional\proc\p18f25k50.asm
               SSPMSKbits   0x000fca       data     extern E:\3.46\pic18-lt\cxx-framework\src\traditional\proc\p18f25k50.asm
                 SSP1CON3   0x000fcb       data     extern E:\3.46\pic18-lt\cxx-framework\src\traditional\proc\p18f25k50.asm
             SSP1CON3bits   0x000fcb       data     extern E:\3.46\pic18-lt\cxx-framework\src\traditional\proc\p18f25k50.asm
                  SSPCON3   0x000fcb       data     extern E:\3.46\pic18-lt\cxx-framework\src\traditional\proc\p18f25k50.asm
              SSPCON3bits   0x000fcb       data     extern E:\3.46\pic18-lt\cxx-framework\src\traditional\proc\p18f25k50.asm
               T1GCONbits   0x000fcc       data     extern E:\3.46\pic18-lt\cxx-framework\src\traditional\proc\p18f25k50.asm
                   T1GCON   0x000fcc       data     extern E:\3.46\pic18-lt\cxx-framework\src\traditional\proc\p18f25k50.asm
                T1CONbits   0x000fcd       data     extern E:\3.46\pic18-lt\cxx-framework\src\traditional\proc\p18f25k50.asm
                    T1CON   0x000fcd       data     extern E:\3.46\pic18-lt\cxx-framework\src\traditional\proc\p18f25k50.asm
                    TMR1L   0x000fce       data     extern E:\3.46\pic18-lt\cxx-framework\src\traditional\proc\p18f25k50.asm
                    TMR1H   0x000fcf       data     extern E:\3.46\pic18-lt\cxx-framework\src\traditional\proc\p18f25k50.asm
                 RCONbits   0x000fd0       data     extern E:\3.46\pic18-lt\cxx-framework\src\traditional\proc\p18f25k50.asm
                     RCON   0x000fd0       data     extern E:\3.46\pic18-lt\cxx-framework\src\traditional\proc\p18f25k50.asm
               WDTCONbits   0x000fd1       data     extern E:\3.46\pic18-lt\cxx-framework\src\traditional\proc\p18f25k50.asm
                   WDTCON   0x000fd1       data     extern E:\3.46\pic18-lt\cxx-framework\src\traditional\proc\p18f25k50.asm
                  OSCCON2   0x000fd2       data     extern E:\3.46\pic18-lt\cxx-framework\src\traditional\proc\p18f25k50.asm
              OSCCON2bits   0x000fd2       data     extern E:\3.46\pic18-lt\cxx-framework\src\traditional\proc\p18f25k50.asm
                   OSCCON   0x000fd3       data     extern E:\3.46\pic18-lt\cxx-framework\src\traditional\proc\p18f25k50.asm
               OSCCONbits   0x000fd3       data     extern E:\3.46\pic18-lt\cxx-framework\src\traditional\proc\p18f25k50.asm
                T0CONbits   0x000fd5       data     extern E:\3.46\pic18-lt\cxx-framework\src\traditional\proc\p18f25k50.asm
                    T0CON   0x000fd5       data     extern E:\3.46\pic18-lt\cxx-framework\src\traditional\proc\p18f25k50.asm
                    TMR0L   0x000fd6       data     extern E:\3.46\pic18-lt\cxx-framework\src\traditional\proc\p18f25k50.asm
                    TMR0H   0x000fd7       data     extern E:\3.46\pic18-lt\cxx-framework\src\traditional\proc\p18f25k50.asm
               STATUSbits   0x000fd8       data     extern E:\3.46\pic18-lt\cxx-framework\src\traditional\proc\p18f25k50.asm
                   STATUS   0x000fd8       data     extern E:\3.46\pic18-lt\cxx-framework\src\traditional\proc\p18f25k50.asm
                    FSR2L   0x000fd9       data     extern E:\3.46\pic18-lt\cxx-framework\src\traditional\proc\p18f25k50.asm
                     FSR2   0x000fd9       data     extern E:\3.46\pic18-lt\cxx-framework\src\traditional\proc\p18f25k50.asm
                    FSR2H   0x000fda       data     extern E:\3.46\pic18-lt\cxx-framework\src\traditional\proc\p18f25k50.asm
                   PLUSW2   0x000fdb       data     extern E:\3.46\pic18-lt\cxx-framework\src\traditional\proc\p18f25k50.asm
                  PREINC2   0x000fdc       data     extern E:\3.46\pic18-lt\cxx-framework\src\traditional\proc\p18f25k50.asm
                 POSTDEC2   0x000fdd       data     extern E:\3.46\pic18-lt\cxx-framework\src\traditional\proc\p18f25k50.asm
                 POSTINC2   0x000fde       data     extern E:\3.46\pic18-lt\cxx-framework\src\traditional\proc\p18f25k50.asm
                    INDF2   0x000fdf       data     extern E:\3.46\pic18-lt\cxx-framework\src\traditional\proc\p18f25k50.asm
                      BSR   0x000fe0       data     extern E:\3.46\pic18-lt\cxx-framework\src\traditional\proc\p18f25k50.asm
                    FSR1L   0x000fe1       data     extern E:\3.46\pic18-lt\cxx-framework\src\traditional\proc\p18f25k50.asm
                     FSR1   0x000fe1       data     extern E:\3.46\pic18-lt\cxx-framework\src\traditional\proc\p18f25k50.asm
                    FSR1H   0x000fe2       data     extern E:\3.46\pic18-lt\cxx-framework\src\traditional\proc\p18f25k50.asm
                   PLUSW1   0x000fe3       data     extern E:\3.46\pic18-lt\cxx-framework\src\traditional\proc\p18f25k50.asm
                  PREINC1   0x000fe4       data     extern E:\3.46\pic18-lt\cxx-framework\src\traditional\proc\p18f25k50.asm
                 POSTDEC1   0x000fe5       data     extern E:\3.46\pic18-lt\cxx-framework\src\traditional\proc\p18f25k50.asm
                 POSTINC1   0x000fe6       data     extern E:\3.46\pic18-lt\cxx-framework\src\traditional\proc\p18f25k50.asm
                    INDF1   0x000fe7       data     extern E:\3.46\pic18-lt\cxx-framework\src\traditional\proc\p18f25k50.asm
                     WREG   0x000fe8       data     extern E:\3.46\pic18-lt\cxx-framework\src\traditional\proc\p18f25k50.asm
                     FSR0   0x000fe9       data     extern E:\3.46\pic18-lt\cxx-framework\src\traditional\proc\p18f25k50.asm
                    FSR0L   0x000fe9       data     extern E:\3.46\pic18-lt\cxx-framework\src\traditional\proc\p18f25k50.asm
                    FSR0H   0x000fea       data     extern E:\3.46\pic18-lt\cxx-framework\src\traditional\proc\p18f25k50.asm
                   PLUSW0   0x000feb       data     extern E:\3.46\pic18-lt\cxx-framework\src\traditional\proc\p18f25k50.asm
                  PREINC0   0x000fec       data     extern E:\3.46\pic18-lt\cxx-framework\src\traditional\proc\p18f25k50.asm
                 POSTDEC0   0x000fed       data     extern E:\3.46\pic18-lt\cxx-framework\src\traditional\proc\p18f25k50.asm
                 POSTINC0   0x000fee       data     extern E:\3.46\pic18-lt\cxx-framework\src\traditional\proc\p18f25k50.asm
                    INDF0   0x000fef       data     extern E:\3.46\pic18-lt\cxx-framework\src\traditional\proc\p18f25k50.asm
                  INTCON3   0x000ff0       data     extern E:\3.46\pic18-lt\cxx-framework\src\traditional\proc\p18f25k50.asm
              INTCON3bits   0x000ff0       data     extern E:\3.46\pic18-lt\cxx-framework\src\traditional\proc\p18f25k50.asm
                  INTCON2   0x000ff1       data     extern E:\3.46\pic18-lt\cxx-framework\src\traditional\proc\p18f25k50.asm
              INTCON2bits   0x000ff1       data     extern E:\3.46\pic18-lt\cxx-framework\src\traditional\proc\p18f25k50.asm
                   INTCON   0x000ff2       data     extern E:\3.46\pic18-lt\cxx-framework\src\traditional\proc\p18f25k50.asm
               INTCONbits   0x000ff2       data     extern E:\3.46\pic18-lt\cxx-framework\src\traditional\proc\p18f25k50.asm
                    PRODL   0x000ff3       data     extern E:\3.46\pic18-lt\cxx-framework\src\traditional\proc\p18f25k50.asm
                     PROD   0x000ff3       data     extern E:\3.46\pic18-lt\cxx-framework\src\traditional\proc\p18f25k50.asm
                    PRODH   0x000ff4       data     extern E:\3.46\pic18-lt\cxx-framework\src\traditional\proc\p18f25k50.asm
                   TABLAT   0x000ff5       data     extern E:\3.46\pic18-lt\cxx-framework\src\traditional\proc\p18f25k50.asm
                  TBLPTRL   0x000ff6       data     extern E:\3.46\pic18-lt\cxx-framework\src\traditional\proc\p18f25k50.asm
                   TBLPTR   0x000ff6       data     extern E:\3.46\pic18-lt\cxx-framework\src\traditional\proc\p18f25k50.asm
                  TBLPTRH   0x000ff7       data     extern E:\3.46\pic18-lt\cxx-framework\src\traditional\proc\p18f25k50.asm
                  TBLPTRU   0x000ff8       data     extern E:\3.46\pic18-lt\cxx-framework\src\traditional\proc\p18f25k50.asm
                      PCL   0x000ff9       data     extern E:\3.46\pic18-lt\cxx-framework\src\traditional\proc\p18f25k50.asm
                       PC   0x000ff9       data     extern E:\3.46\pic18-lt\cxx-framework\src\traditional\proc\p18f25k50.asm
                   PCLATH   0x000ffa       data     extern E:\3.46\pic18-lt\cxx-framework\src\traditional\proc\p18f25k50.asm
                   PCLATU   0x000ffb       data     extern E:\3.46\pic18-lt\cxx-framework\src\traditional\proc\p18f25k50.asm
               STKPTRbits   0x000ffc       data     extern E:\3.46\pic18-lt\cxx-framework\src\traditional\proc\p18f25k50.asm
                   STKPTR   0x000ffc       data     extern E:\3.46\pic18-lt\cxx-framework\src\traditional\proc\p18f25k50.asm
                      TOS   0x000ffd       data     extern E:\3.46\pic18-lt\cxx-framework\src\traditional\proc\p18f25k50.asm
                     TOSL   0x000ffd       data     extern E:\3.46\pic18-lt\cxx-framework\src\traditional\proc\p18f25k50.asm
                     TOSH   0x000ffe       data     extern E:\3.46\pic18-lt\cxx-framework\src\traditional\proc\p18f25k50.asm
                     TOSU   0x000fff       data     extern E:\3.46\pic18-lt\cxx-framework\src\traditional\proc\p18f25k50.asm


